Component: Arm Compiler for Embedded 6.19 Tool: armlink [5e73cb00]

==============================================================================

Section Cross References

    2d.o(.text.main) refers to 2d.o(.text.ADC_Init) for ADC_Init
    2d.o(.text.main) refers to 2d.o(.text.HC05_Init) for HC05_Init
    2d.o(.text.main) refers to 2d.o(.text.timer0_Init) for timer0_Init
    2d.o(.text.main) refers to 2d.o(.text.PortBE_Init) for PortBE_Init
    2d.o(.text.main) refers to 2d.o(.text.PortF_Init) for PortF_Init
    2d.o(.text.main) refers to 2d.o(.text.timer1_Init) for timer1_Init
    2d.o(.text.main) refers to 2d.o(.text.timer0A_delayMs) for timer0A_delayMs
    2d.o(.text.main) refers to 2d.o(.text.blueTooth_Read) for blueTooth_Read
    2d.o(.text.main) refers to 2d.o(.bss.temperature) for temperature
    2d.o(.text.main) refers to 2d.o(.bss.snum) for snum
    2d.o(.text.main) refers to 2d.o(.rodata.str1.1) for .L.str
    2d.o(.text.main) refers to sprintf.o(.text) for sprintf
    2d.o(.text.main) refers to 2d.o(.text.write_string) for write_string
    2d.o(.text.main) refers to 2d.o(.bss.last_temperature) for last_temperature
    2d.o(.text.main) refers to 2d.o(.bss.diff) for diff
    2d.o(.text.main) refers to 2d.o(.bss.EchoDelay) for EchoDelay
    2d.o(.text.main) refers to 2d.o(.bss.distance) for distance
    2d.o(.ARM.exidx.text.main) refers to 2d.o(.text.main) for [Anonymous Symbol]
    2d.o(.ARM.exidx.text.ADC_Init) refers to 2d.o(.text.ADC_Init) for [Anonymous Symbol]
    2d.o(.text.HC05_Init) refers to 2d.o(.text.timer0A_delayMs) for timer0A_delayMs
    2d.o(.ARM.exidx.text.HC05_Init) refers to 2d.o(.text.HC05_Init) for [Anonymous Symbol]
    2d.o(.ARM.exidx.text.timer0_Init) refers to 2d.o(.text.timer0_Init) for [Anonymous Symbol]
    2d.o(.ARM.exidx.text.PortBE_Init) refers to 2d.o(.text.PortBE_Init) for [Anonymous Symbol]
    2d.o(.ARM.exidx.text.PortF_Init) refers to 2d.o(.text.PortF_Init) for [Anonymous Symbol]
    2d.o(.ARM.exidx.text.timer1_Init) refers to 2d.o(.text.timer1_Init) for [Anonymous Symbol]
    2d.o(.text.timer0A_delayMs) refers to 2d.o(.text.timer0_Init) for timer0_Init
    2d.o(.ARM.exidx.text.timer0A_delayMs) refers to 2d.o(.text.timer0A_delayMs) for [Anonymous Symbol]
    2d.o(.ARM.exidx.text.blueTooth_Read) refers to 2d.o(.text.blueTooth_Read) for [Anonymous Symbol]
    2d.o(.text.write_string) refers to strlen.o(.text) for strlen
    2d.o(.text.write_string) refers to 2d.o(.text.blueTooth_Write) for blueTooth_Write
    2d.o(.ARM.exidx.text.write_string) refers to 2d.o(.text.write_string) for [Anonymous Symbol]
    2d.o(.ARM.exidx.text.blueTooth_Write) refers to 2d.o(.text.blueTooth_Write) for [Anonymous Symbol]
    2d.o(.ARM.exidx.text.timer2_Init) refers to 2d.o(.text.timer2_Init) for [Anonymous Symbol]
    2d.o(.ARM.exidx.text.timer3_Init) refers to 2d.o(.text.timer3_Init) for [Anonymous Symbol]
    2d.o(.text.ADC0SS3_Handler) refers to 2d.o(.text.timer0A_delayMs) for timer0A_delayMs
    2d.o(.text.ADC0SS3_Handler) refers to 2d.o(.bss.temperature) for temperature
    2d.o(.text.ADC0SS3_Handler) refers to 2d.o(.bss.last_temperature) for last_temperature
    2d.o(.ARM.exidx.text.ADC0SS3_Handler) refers to 2d.o(.text.ADC0SS3_Handler) for [Anonymous Symbol]
    2d.o(.text.TIMER2A_Handler) refers to 2d.o(.text.timer0A_delayMs) for timer0A_delayMs
    2d.o(.text.TIMER2A_Handler) refers to 2d.o(.bss.EchoDelay) for EchoDelay
    2d.o(.ARM.exidx.text.TIMER2A_Handler) refers to 2d.o(.text.TIMER2A_Handler) for [Anonymous Symbol]
    2d.o(.ARM.exidx.text.DisableInterrupts) refers to 2d.o(.text.DisableInterrupts) for [Anonymous Symbol]
    2d.o(.ARM.exidx.text.EnableInterrupts) refers to 2d.o(.text.EnableInterrupts) for [Anonymous Symbol]
    2d.o(.ARM.exidx.text.WaitForInterrupt) refers to 2d.o(.text.WaitForInterrupt) for [Anonymous Symbol]
    startup_tm4c123.o(STACK) refers (Special) to heapauxi.o(.text) for __use_two_region_memory
    startup_tm4c123.o(HEAP) refers (Special) to heapauxi.o(.text) for __use_two_region_memory
    startup_tm4c123.o(RESET) refers (Special) to heapauxi.o(.text) for __use_two_region_memory
    startup_tm4c123.o(RESET) refers to startup_tm4c123.o(STACK) for __initial_sp
    startup_tm4c123.o(RESET) refers to startup_tm4c123.o(.text) for Reset_Handler
    startup_tm4c123.o(RESET) refers to 2d.o(.text.ADC0SS3_Handler) for ADC0SS3_Handler
    startup_tm4c123.o(RESET) refers to 2d.o(.text.TIMER2A_Handler) for TIMER2A_Handler
    startup_tm4c123.o(.text) refers (Special) to heapauxi.o(.text) for __use_two_region_memory
    startup_tm4c123.o(.text) refers to system_tm4c123.o(.text.SystemInit) for SystemInit
    startup_tm4c123.o(.text) refers to __main.o(!!!main) for __main
    startup_tm4c123.o(.text) refers to startup_tm4c123.o(HEAP) for Heap_Mem
    startup_tm4c123.o(.text) refers to startup_tm4c123.o(STACK) for Stack_Mem
[...]
    ../clib/angel/startup.s                  0x00000000   Number         0  __main.o ABSOLUTE
    ../clib/angel/sys.s                      0x00000000   Number         0  sys_stackheap_outer.o ABSOLUTE
    ../clib/angel/sys.s                      0x00000000   Number         0  libspace.o ABSOLUTE
    ../clib/angel/sys.s                      0x00000000   Number         0  use_no_semi.o ABSOLUTE
    ../clib/angel/sys.s                      0x00000000   Number         0  indicate_semi.o ABSOLUTE
    ../clib/angel/sysapp.c                   0x00000000   Number         0  sys_exit.o ABSOLUTE
    ../clib/angel/sysapp.c                   0x00000000   Number         0  sys_exit_hlt.o ABSOLUTE
    ../clib/angel/sysapp.c                   0x00000000   Number         0  sys_command.o ABSOLUTE
    ../clib/angel/sysapp.c                   0x00000000   Number         0  sys_command_hlt.o ABSOLUTE
    ../clib/angel/sysapp.c                   0x00000000   Number         0  sys_wrch.o ABSOLUTE
    ../clib/angel/sysapp.c                   0x00000000   Number         0  sys_wrch_hlt.o ABSOLUTE
    ../clib/armsys.c                         0x00000000   Number         0  argv_veneer.o ABSOLUTE
    ../clib/armsys.c                         0x00000000   Number         0  argv_veneer.o ABSOLUTE
    ../clib/armsys.c                         0x00000000   Number         0  _get_argv_nomalloc.o ABSOLUTE
    ../clib/armsys.c                         0x00000000   Number         0  no_argv.o ABSOLUTE
    ../clib/bigflt.c                         0x00000000   Number         0  bigflt0.o ABSOLUTE
    ../clib/btod.s                           0x00000000   Number         0  btod.o ABSOLUTE
    ../clib/btod_accurate.c                  0x00000000   Number         0  btod_accurate.o ABSOLUTE
    ../clib/btod_accurate.c                  0x00000000   Number         0  btod_accurate_common.o ABSOLUTE
    ../clib/heapalloc.c                      0x00000000   Number         0  hrguard.o ABSOLUTE
    ../clib/heapaux.c                        0x00000000   Number         0  heapauxi.o ABSOLUTE
    ../clib/libinit.s                        0x00000000   Number         0  libinit.o ABSOLUTE
    ../clib/libinit.s                        0x00000000   Number         0  libinit2.o ABSOLUTE
    ../clib/libinit.s                        0x00000000   Number         0  libshutdown.o ABSOLUTE
    ../clib/libinit.s                        0x00000000   Number         0  libshutdown2.o ABSOLUTE
    ../clib/locale.c                         0x00000000   Number         0  _c16rtomb.o ABSOLUTE
    ../clib/locale.s                         0x00000000   Number         0  lc_numeric_c.o ABSOLUTE
    ../clib/locale.s                         0x00000000   Number         0  lc_ctype_c.o ABSOLUTE
    ../clib/longlong.s                       0x00000000   Number         0  lludiv10.o ABSOLUTE
    ../clib/longlong.s                       0x00000000   Number         0  llushr.o ABSOLUTE
    ../clib/memcpset.s                       0x00000000   Number         0  strcmpv7em.o ABSOLUTE
    ../clib/misc.s                           0x00000000   Number         0  printf_stubs.o ABSOLUTE
    ../clib/printf.c                         0x00000000   Number         0  sprintf.o ABSOLUTE
    ../clib/printf.c                         0x00000000   Number         0  __printf.o ABSOLUTE
    ../clib/printf.c                         0x00000000   Number         0  _printf_pad.o ABSOLUTE
    ../clib/printf.c                         0x00000000   Number         0  _printf_truncate.o ABSOLUTE
    ../clib/printf.c                         0x00000000   Number         0  _printf_str.o ABSOLUTE
    ../clib/printf.c                         0x00000000   Number         0  _printf_dec.o ABSOLUTE
    ../clib/printf.c                         0x00000000   Number         0  _printf_charcount.o ABSOLUTE
    ../clib/printf.c                         0x00000000   Number         0  _printf_char_common.o ABSOLUTE
    ../clib/printf.c                         0x00000000   Number         0  _sputc.o ABSOLUTE
    ../clib/printf.c                         0x00000000   Number         0  _printf_wctomb.o ABSOLUTE
    ../clib/printf.c                         0x00000000   Number         0  _printf_longlong_dec.o ABSOLUTE
    ../clib/printf.c                         0x00000000   Number         0  _printf_oct_ll.o ABSOLUTE
    ../clib/printf.c                         0x00000000   Number         0  _printf_oct_int.o ABSOLUTE
    ../clib/printf.c                         0x00000000   Number         0  _printf_oct_int_ll.o ABSOLUTE
    ../clib/printf.c                         0x00000000   Number         0  _printf_hex_ll.o ABSOLUTE
    ../clib/printf.c                         0x00000000   Number         0  _printf_hex_int.o ABSOLUTE
    ../clib/printf.c                         0x00000000   Number         0  _printf_hex_int_ll.o ABSOLUTE
    ../clib/printf.c                         0x00000000   Number         0  _printf_hex_ptr.o ABSOLUTE
    ../clib/printf.c                         0x00000000   Number         0  _printf_hex_int_ptr.o ABSOLUTE
    ../clib/printf.c                         0x00000000   Number         0  _printf_hex_ll_ptr.o ABSOLUTE
    ../clib/printf.c                         0x00000000   Number         0  _printf_hex_int_ll_ptr.o ABSOLUTE
    ../clib/printf.c                         0x00000000   Number         0  __printf_flags.o ABSOLUTE
    ../clib/printf.c                         0x00000000   Number         0  __printf_ss.o ABSOLUTE
    ../clib/printf.c                         0x00000000   Number         0  __printf_flags_ss.o ABSOLUTE
    ../clib/printf.c                         0x00000000   Number         0  __printf_wp.o ABSOLUTE
    ../clib/printf.c                         0x00000000   Number         0  __printf_flags_wp.o ABSOLUTE
    ../clib/printf.c                         0x00000000   Number         0  __printf_ss_wp.o ABSOLUTE
    ../clib/printf.c                         0x00000000   Number         0  __printf_flags_ss_wp.o ABSOLUTE
    ../clib/printf.c                         0x00000000   Number         0  _printf_intcommon.o ABSOLUTE
    ../clib/printf.c                         0x00000000   Number         0  _printf_fp_dec.o ABSOLUTE
    ../clib/printf.c                         0x00000000   Number         0  _printf_fp_dec_accurate.o ABSOLUTE
    ../clib/printf.c                         0x00000000   Number         0  _printf_fp_hex.o ABSOLUTE
    ../clib/printf.c                         0x00000000   Number         0  __printf_nopercent.o ABSOLUTE
    ../clib/printf.c                         0x00000000   Number         0  _printf_char.o ABSOLUTE
    ../clib/printf.c                         0x00000000   Number         0  _printf_wchar.o ABSOLUTE
    ../clib/printf.c                         0x00000000   Number         0  _printf_fp_infnan.o ABSOLUTE
    ../clib/printf_percent.s                 0x00000000   Number         0  _printf_c.o ABSOLUTE
    ../clib/printf_percent.s                 0x00000000   Number         0  _printf_s.o ABSOLUTE
    ../clib/printf_percent.s                 0x00000000   Number         0  _printf_n.o ABSOLUTE
    ../clib/printf_percent.s                 0x00000000   Number         0  _printf_x.o ABSOLUTE
    ../clib/printf_percent.s                 0x00000000   Number         0  _printf_p.o ABSOLUTE
    ../clib/printf_percent.s                 0x00000000   Number         0  _printf_o.o ABSOLUTE
    ../clib/printf_percent.s                 0x00000000   Number         0  _printf_i.o ABSOLUTE
    ../clib/printf_percent.s                 0x00000000   Number         0  _printf_d.o ABSOLUTE
    ../clib/printf_percent.s                 0x00000000   Number         0  _printf_u.o ABSOLUTE
    ../clib/printf_percent.s                 0x00000000   Number         0  _printf_f.o ABSOLUTE
    ../clib/printf_percent.s                 0x00000000   Number         0  _printf_e.o ABSOLUTE
    ../clib/printf_percent.s                 0x00000000   Number         0  _printf_g.o ABSOLUTE
    ../clib/printf_percent.s                 0x00000000   Number         0  _printf_a.o ABSOLUTE
    ../clib/printf_percent.s                 0x00000000   Number         0  _printf_percent.o ABSOLUTE
    ../clib/printf_percent.s                 0x00000000   Number         0  _printf_lli.o ABSOLUTE
    ../clib/printf_percent.s                 0x00000000   Number         0  _printf_lld.o ABSOLUTE
    ../clib/printf_percent.s                 0x00000000   Number         0  _printf_llu.o ABSOLUTE
    ../clib/printf_percent.s                 0x00000000   Number         0  _printf_ll.o ABSOLUTE
    ../clib/printf_percent.s                 0x00000000   Number         0  _printf_l.o ABSOLUTE
    ../clib/printf_percent.s                 0x00000000   Number         0  _printf_lc.o ABSOLUTE
    ../clib/printf_percent.s                 0x00000000   Number         0  _printf_ls.o ABSOLUTE
    ../clib/printf_percent.s                 0x00000000   Number         0  _printf_llo.o ABSOLUTE
    ../clib/printf_percent.s                 0x00000000   Number         0  _printf_llx.o ABSOLUTE
    ../clib/printf_percent.s                 0x00000000   Number         0  _printf_percent_end.o ABSOLUTE
    ../clib/signal.c                         0x00000000   Number         0  defsig_rtmem_outer.o ABSOLUTE
    ../clib/signal.c                         0x00000000   Number         0  defsig_rtmem_formal.o ABSOLUTE
    ../clib/signal.c                         0x00000000   Number         0  defsig_exit.o ABSOLUTE
    ../clib/signal.c                         0x00000000   Number         0  defsig_rtmem_inner.o ABSOLUTE
    ../clib/signal.c                         0x00000000   Number         0  __raise.o ABSOLUTE
    ../clib/signal.c                         0x00000000   Number         0  defsig_general.o ABSOLUTE
    ../clib/signal.c                         0x00000000   Number         0  defsig_abrt_inner.o ABSOLUTE
    ../clib/signal.c                         0x00000000   Number         0  defsig_fpe_inner.o ABSOLUTE
    ../clib/signal.c                         0x00000000   Number         0  defsig_rtred_inner.o ABSOLUTE
    ../clib/signal.c                         0x00000000   Number         0  defsig_stak_inner.o ABSOLUTE
    ../clib/signal.c                         0x00000000   Number         0  defsig_pvfn_inner.o ABSOLUTE
    ../clib/signal.c                         0x00000000   Number         0  defsig_cppl_inner.o ABSOLUTE
    ../clib/signal.c                         0x00000000   Number         0  defsig_segv_inner.o ABSOLUTE
    ../clib/signal.c                         0x00000000   Number         0  defsig_other.o ABSOLUTE
    ../clib/signal.s                         0x00000000   Number         0  defsig.o ABSOLUTE
    ../clib/stdlib.c                         0x00000000   Number         0  exit.o ABSOLUTE
    ../clib/string.c                         0x00000000   Number         0  strlen.o ABSOLUTE
    ../fplib/fpinit.s                        0x00000000   Number         0  fpinit.o ABSOLUTE
    ../fplib/istatus.s                       0x00000000   Number         0  istatus.o ABSOLUTE
    ../fplib/printf1.s                       0x00000000   Number         0  printf1.o ABSOLUTE
    ../fplib/printf2.s                       0x00000000   Number         0  printf2.o ABSOLUTE
    ../fplib/printf2a.s                      0x00000000   Number         0  printf2a.o ABSOLUTE
    ../fplib/printf2b.s                      0x00000000   Number         0  printf2b.o ABSOLUTE
    ../fplib/usenofp.s                       0x00000000   Number         0  usenofp.o ABSOLUTE
    ../mathlib/fpclassify.c                  0x00000000   Number         0  fpclassify.o ABSOLUTE
    2d.c                                     0x00000000   Number         0  2d.o ABSOLUTE
    RTE/Device/TM4C123GH6PZ/startup_TM4C123.s 0x00000000   Number         0  startup_tm4c123.o ABSOLUTE
    dc.s                                     0x00000000   Number         0  dc.o ABSOLUTE
    system_TM4C123.c                         0x00000000   Number         0  system_tm4c123.o ABSOLUTE
    RESET                                    0x00000000   Section      620  startup_tm4c123.o(RESET)
    !!!main                                  0x0000026c   Section        8  __main.o(!!!main)
    !!!scatter                               0x00000274   Section       52  __scatter.o(!!!scatter)
    !!handler_zi                             0x000002a8   Section       28  __scatter_zi.o(!!handler_zi)
    .ARM.Collect$$_printf_percent$$00000000  0x000002c4   Section        0  _printf_percent.o(.ARM.Collect$$_printf_percent$$00000000)
    .ARM.Collect$$_printf_percent$$00000001  0x000002c4   Section        6  _printf_n.o(.ARM.Collect$$_printf_percent$$00000001)
    .ARM.Collect$$_printf_percent$$00000002  0x000002ca   Section        6  _printf_p.o(.ARM.Collect$$_printf_percent$$00000002)
    .ARM.Collect$$_printf_percent$$00000003  0x000002d0   Section        6  _printf_f.o(.ARM.Collect$$_printf_percent$$00000003)
    .ARM.Collect$$_printf_percent$$00000004  0x000002d6   Section        6  _printf_e.o(.ARM.Collect$$_printf_percent$$00000004)
    .ARM.Collect$$_printf_percent$$00000005  0x000002dc   Section        6  _printf_g.o(.ARM.Collect$$_printf_percent$$00000005)
    .ARM.Collect$$_printf_percent$$00000006  0x000002e2   Section        6  _printf_a.o(.ARM.Collect$$_printf_percent$$00000006)
    .ARM.Collect$$_printf_percent$$00000007  0x000002e8   Section       10  _printf_ll.o(.ARM.Collect$$_printf_percent$$00000007)
    .ARM.Collect$$_printf_percent$$00000008  0x000002f2   Section        6  _printf_i.o(.ARM.Collect$$_printf_percent$$00000008)
    .ARM.Collect$$_printf_percent$$00000009  0x000002f8   Section        6  _printf_d.o(.ARM.Collect$$_printf_percent$$00000009)
    .ARM.Collect$$_printf_percent$$0000000A  0x000002fe   Section        6  _printf_u.o(.ARM.Collect$$_printf_percent$$0000000A)
    .ARM.Collect$$_printf_percent$$0000000B  0x00000304   Section        6  _printf_o.o(.ARM.Collect$$_printf_percent$$0000000B)
    .ARM.Collect$$_printf_percent$$0000000C  0x0000030a   Section        6  _printf_x.o(.ARM.Collect$$_printf_percent$$0000000C)
    .ARM.Collect$$_printf_percent$$0000000D  0x00000310   Section        6  _printf_lli.o(.ARM.Collect$$_printf_percent$$0000000D)
    .ARM.Collect$$_printf_percent$$0000000E  0x00000316   Section        6  _printf_lld.o(.ARM.Collect$$_printf_percent$$0000000E)
    .ARM.Collect$$_printf_percent$$0000000F  0x0000031c   Section        6  _printf_llu.o(.ARM.Collect$$_printf_percent$$0000000F)
    .ARM.Collect$$_printf_percent$$00000010  0x00000322   Section        6  _printf_llo.o(.ARM.Collect$$_printf_percent$$00000010)
    .ARM.Collect$$_printf_percent$$00000011  0x00000328   Section        6  _printf_llx.o(.ARM.Collect$$_printf_percent$$00000011)
    .ARM.Collect$$_printf_percent$$00000012  0x0000032e   Section       10  _printf_l.o(.ARM.Collect$$_printf_percent$$00000012)
    .ARM.Collect$$_printf_percent$$00000013  0x00000338   Section        6  _printf_c.o(.ARM.Collect$$_printf_percent$$00000013)
    .ARM.Collect$$_printf_percent$$00000014  0x0000033e   Section        6  _printf_s.o(.ARM.Collect$$_printf_percent$$00000014)
    .ARM.Collect$$_printf_percent$$00000015  0x00000344   Section        6  _printf_lc.o(.ARM.Collect$$_printf_percent$$00000015)
    .ARM.Collect$$_printf_percent$$00000016  0x0000034a   Section        6  _printf_ls.o(.ARM.Collect$$_printf_percent$$00000016)
    .ARM.Collect$$_printf_percent$$00000017  0x00000350   Section        4  _printf_percent_end.o(.ARM.Collect$$_printf_percent$$00000017)
    .ARM.Collect$$libinit$$00000000          0x00000354   Section        2  libinit.o(.ARM.Collect$$libinit$$00000000)
    .ARM.Collect$$libinit$$00000001          0x00000356   Section        4  libinit2.o(.ARM.Collect$$libinit$$00000001)
    .ARM.Collect$$libinit$$00000004          0x0000035a   Section        0  libinit2.o(.ARM.Collect$$libinit$$00000004)
    .ARM.Collect$$libinit$$00000006          0x0000035a   Section        0  libinit2.o(.ARM.Collect$$libinit$$00000006)
    .ARM.Collect$$libinit$$0000000C          0x0000035a   Section        0  libinit2.o(.ARM.Collect$$libinit$$0000000C)
    .ARM.Collect$$libinit$$0000000E          0x0000035a   Section        0  libinit2.o(.ARM.Collect$$libinit$$0000000E)
    .ARM.Collect$$libinit$$00000010          0x0000035a   Section        0  libinit2.o(.ARM.Collect$$libinit$$00000010)
    .ARM.Collect$$libinit$$00000011          0x0000035a   Section        6  libinit2.o(.ARM.Collect$$libinit$$00000011)
    .ARM.Collect$$libinit$$00000013          0x00000360   Section        0  libinit2.o(.ARM.Collect$$libinit$$00000013)
    .ARM.Collect$$libinit$$00000014          0x00000360   Section       12  libinit2.o(.ARM.Collect$$libinit$$00000014)
    .ARM.Collect$$libinit$$00000015          0x0000036c   Section        0  libinit2.o(.ARM.Collect$$libinit$$00000015)
    .ARM.Collect$$libinit$$00000017          0x0000036c   Section        0  libinit2.o(.ARM.Collect$$libinit$$00000017)
    .ARM.Collect$$libinit$$00000018          0x0000036c   Section       10  libinit2.o(.ARM.Collect$$libinit$$00000018)
    .ARM.Collect$$libinit$$00000019          0x00000376   Section        0  libinit2.o(.ARM.Collect$$libinit$$00000019)
    .ARM.Collect$$libinit$$0000001B          0x00000376   Section        0  libinit2.o(.ARM.Collect$$libinit$$0000001B)
    .ARM.Collect$$libinit$$0000001D          0x00000376   Section        0  libinit2.o(.ARM.Collect$$libinit$$0000001D)
    .ARM.Collect$$libinit$$0000001F          0x00000376   Section        0  libinit2.o(.ARM.Collect$$libinit$$0000001F)
    .ARM.Collect$$libinit$$00000021          0x00000376   Section        0  libinit2.o(.ARM.Collect$$libinit$$00000021)
    .ARM.Collect$$libinit$$00000023          0x00000376   Section        0  libinit2.o(.ARM.Collect$$libinit$$00000023)
    .ARM.Collect$$libinit$$00000025          0x00000376   Section        0  libinit2.o(.ARM.Collect$$libinit$$00000025)
    .ARM.Collect$$libinit$$00000027          0x00000376   Section        0  libinit2.o(.ARM.Collect$$libinit$$00000027)
    .ARM.Collect$$libinit$$0000002E          0x00000376   Section        0  libinit2.o(.ARM.Collect$$libinit$$0000002E)
    .ARM.Collect$$libinit$$00000030          0x00000376   Section        0  libinit2.o(.ARM.Collect$$libinit$$00000030)
    .ARM.Collect$$libinit$$00000032          0x00000376   Section        0  libinit2.o(.ARM.Collect$$libinit$$00000032)
    .ARM.Collect$$libinit$$00000034          0x00000376   Section        0  libinit2.o(.ARM.Collect$$libinit$$00000034)
    .ARM.Collect$$libinit$$00000035          0x00000376   Section        2  libinit2.o(.ARM.Collect$$libinit$$00000035)
    .ARM.Collect$$libshutdown$$00000000      0x00000378   Section        2  libshutdown.o(.ARM.Collect$$libshutdown$$00000000)
    .ARM.Collect$$libshutdown$$00000002      0x0000037a   Section        0  libshutdown2.o(.ARM.Collect$$libshutdown$$00000002)
    .ARM.Collect$$libshutdown$$00000004      0x0000037a   Section        0  libshutdown2.o(.ARM.Collect$$libshutdown$$00000004)
    .ARM.Collect$$libshutdown$$00000007      0x0000037a   Section        0  libshutdown2.o(.ARM.Collect$$libshutdown$$00000007)
    .ARM.Collect$$libshutdown$$0000000A      0x0000037a   Section        0  libshutdown2.o(.ARM.Collect$$libshutdown$$0000000A)
    .ARM.Collect$$libshutdown$$0000000C      0x0000037a   Section        0  libshutdown2.o(.ARM.Collect$$libshutdown$$0000000C)
    .ARM.Collect$$libshutdown$$0000000F      0x0000037a   Section        0  libshutdown2.o(.ARM.Collect$$libshutdown$$0000000F)
    .ARM.Collect$$libshutdown$$00000010      0x0000037a   Section        2  libshutdown2.o(.ARM.Collect$$libshutdown$$00000010)
    .ARM.Collect$$rtentry$$00000000          0x0000037c   Section        0  __rtentry.o(.ARM.Collect$$rtentry$$00000000)
    .ARM.Collect$$rtentry$$00000002          0x0000037c   Section        0  __rtentry2.o(.ARM.Collect$$rtentry$$00000002)
    .ARM.Collect$$rtentry$$00000004          0x0000037c   Section        6  __rtentry4.o(.ARM.Collect$$rtentry$$00000004)
    .ARM.Collect$$rtentry$$00000009          0x00000382   Section        0  __rtentry2.o(.ARM.Collect$$rtentry$$00000009)
    .ARM.Collect$$rtentry$$0000000A          0x00000382   Section        4  __rtentry2.o(.ARM.Collect$$rtentry$$0000000A)
    .ARM.Collect$$rtentry$$0000000C          0x00000386   Section        0  __rtentry2.o(.ARM.Collect$$rtentry$$0000000C)
    .ARM.Collect$$rtentry$$0000000D          0x00000386   Section        8  __rtentry2.o(.ARM.Collect$$rtentry$$0000000D)
    .ARM.Collect$$rtexit$$00000000           0x0000038e   Section        2  rtexit.o(.ARM.Collect$$rtexit$$00000000)
    .ARM.Collect$$rtexit$$00000002           0x00000390   Section        0  rtexit2.o(.ARM.Collect$$rtexit$$00000002)
    .ARM.Collect$$rtexit$$00000003           0x00000390   Section        4  rtexit2.o(.ARM.Collect$$rtexit$$00000003)
    .ARM.Collect$$rtexit$$00000004           0x00000394   Section        6  rtexit2.o(.ARM.Collect$$rtexit$$00000004)
    $v0                                      0x0000039c   Number         0  startup_tm4c123.o(.text)
    .text                                    0x0000039c   Section      276  startup_tm4c123.o(.text)
    .text                                    0x000004b0   Section        0  sprintf.o(.text)
    .text                                    0x000004dc   Section        0  strlen.o(.text)
    .text                                    0x0000051a   Section        0  heapauxi.o(.text)
    .text                                    0x00000520   Section        0  _printf_pad.o(.text)
    .text                                    0x0000056e   Section        0  _printf_truncate.o(.text)
    .text                                    0x00000592   Section        0  _printf_str.o(.text)
    .text                                    0x000005e4   Section        0  _printf_dec.o(.text)
    .text                                    0x0000065c   Section        0  _printf_charcount.o(.text)
    _printf_input_char                       0x00000685   Thumb Code    10  _printf_char_common.o(.text)
    .text                                    0x00000684   Section        0  _printf_char_common.o(.text)
    .text                                    0x000006b4   Section        0  _sputc.o(.text)
    .text                                    0x000006c0   Section        0  _printf_wctomb.o(.text)
    .text                                    0x0000077c   Section        0  _printf_longlong_dec.o(.text)
    _printf_longlong_oct_internal            0x000007f9   Thumb Code     0  _printf_oct_int_ll.o(.text)
    .text                                    0x000007f8   Section        0  _printf_oct_int_ll.o(.text)
    _printf_hex_common                       0x00000869   Thumb Code     0  _printf_hex_int_ll_ptr.o(.text)
    .text                                    0x00000868   Section        0  _printf_hex_int_ll_ptr.o(.text)
    .text                                    0x000008fc   Section        0  __printf_flags_ss_wp.o(.text)
    .text                                    0x00000a84   Section      138  lludiv10.o(.text)
    .text                                    0x00000b0e   Section        0  _printf_intcommon.o(.text)
    _fp_digits                               0x00000bc1   Thumb Code   432  _printf_fp_dec.o(.text)
    .text                                    0x00000bc0   Section        0  _printf_fp_dec.o(.text)
    .text                                    0x00000fdc   Section        0  _printf_fp_hex.o(.text)
    .text                                    0x000012d8   Section        0  _printf_char.o(.text)
    .text                                    0x00001304   Section        0  _printf_wchar.o(.text)
    .text                                    0x00001330   Section        0  _c16rtomb.o(.text)
    .text                                    0x00001378   Section       74  sys_stackheap_outer.o(.text)
    .text                                    0x000013c4   Section       16  rt_ctype_table.o(.text)
    .text                                    0x000013d4   Section        8  rt_locale_intlibspace.o(.text)
    .text                                    0x000013dc   Section        0  _printf_fp_infnan.o(.text)
    .text                                    0x0000145c   Section        0  bigflt0.o(.text)
    .text                                    0x00001540   Section        0  exit.o(.text)
    .text                                    0x00001554   Section        8  libspace.o(.text)
    .text                                    0x00001560   Section      124  strcmpv7em.o(.text)
    .text                                    0x000015dc   Section        0  sys_exit.o(.text)
    .text                                    0x000015e8   Section        2  use_no_semi.o(.text)
    .text                                    0x000015ea   Section        0  indicate_semi.o(.text)
    [Anonymous Symbol]                       0x000015ec   Section        0  2d.o(.text.ADC0SS3_Handler)
    [Anonymous Symbol]                       0x00001718   Section        0  2d.o(.text.ADC_Init)
    [Anonymous Symbol]                       0x000017f4   Section        0  2d.o(.text.HC05_Init)
    [Anonymous Symbol]                       0x00001850   Section        0  2d.o(.text.PortBE_Init)
    [Anonymous Symbol]                       0x000018dc   Section        0  2d.o(.text.PortF_Init)
    [Anonymous Symbol]                       0x00001958   Section        0  system_tm4c123.o(.text.SystemInit)
    [Anonymous Symbol]                       0x00001a64   Section        0  2d.o(.text.TIMER2A_Handler)
    [Anonymous Symbol]                       0x00001b48   Section        0  2d.o(.text.blueTooth_Read)
    [Anonymous Symbol]                       0x00001b78   Section        0  2d.o(.text.blueTooth_Write)
    [Anonymous Symbol]                       0x00001ba8   Section        0  2d.o(.text.main)
    [Anonymous Symbol]                       0x00001d70   Section        0  2d.o(.text.timer0A_delayMs)
    [Anonymous Symbol]                       0x00001db4   Section        0  2d.o(.text.timer0_Init)
    [Anonymous Symbol]                       0x00001e0c   Section        0  2d.o(.text.timer1_Init)
    [Anonymous Symbol]                       0x00001e68   Section        0  2d.o(.text.write_string)
    CL$$btod_d2e                             0x00001ea0   Section       62  btod.o(CL$$btod_d2e)
    CL$$btod_d2e_denorm_low                  0x00001ede   Section       70  btod.o(CL$$btod_d2e_denorm_low)
    CL$$btod_d2e_norm_op1                    0x00001f24   Section       96  btod.o(CL$$btod_d2e_norm_op1)
    CL$$btod_div_common                      0x00001f84   Section      824  btod.o(CL$$btod_div_common)
    CL$$btod_e2e                             0x000022bc   Section      220  btod.o(CL$$btod_e2e)
    CL$$btod_ediv                            0x00002398   Section       42  btod.o(CL$$btod_ediv)
    CL$$btod_emul                            0x000023c2   Section       42  btod.o(CL$$btod_emul)
    CL$$btod_mult_common                     0x000023ec   Section      580  btod.o(CL$$btod_mult_common)
    i.__ARM_fpclassify                       0x00002630   Section        0  fpclassify.o(i.__ARM_fpclassify)
    i._is_digit                              0x00002660   Section        0  __printf_wp.o(i._is_digit)
    locale$$code                             0x00002670   Section       44  lc_numeric_c.o(locale$$code)
    locale$$code                             0x0000269c   Section       44  lc_ctype_c.o(locale$$code)
    $v0                                      0x000026c8   Number         0  fpinit.o(x$fpl$fpinit)
    x$fpl$fpinit                             0x000026c8   Section       26  fpinit.o(x$fpl$fpinit)
    $v0                                      0x000026e2   Number         0  printf1.o(x$fpl$printf1)
    x$fpl$printf1                            0x000026e2   Section        4  printf1.o(x$fpl$printf1)
    $v0                                      0x000026e6   Number         0  printf2.o(x$fpl$printf2)
    x$fpl$printf2                            0x000026e6   Section        4  printf2.o(x$fpl$printf2)
    x$fpl$usenofp                            0x000026ea   Section        0  usenofp.o(x$fpl$usenofp)
    initial_mbstate                          0x000026ec   Data           8  _printf_wctomb.o(.constdata)
    .constdata                               0x000026ec   Section        8  _printf_wctomb.o(.constdata)
    uc_hextab                                0x000026f4   Data          20  _printf_hex_int_ll_ptr.o(.constdata)
    .constdata                               0x000026f4   Section       40  _printf_hex_int_ll_ptr.o(.constdata)
    lc_hextab                                0x00002708   Data          20  _printf_hex_int_ll_ptr.o(.constdata)
    maptable                                 0x0000271c   Data          17  __printf_flags_ss_wp.o(.constdata)
    .constdata                               0x0000271c   Section       17  __printf_flags_ss_wp.o(.constdata)
    lc_hextab                                0x0000272d   Data          19  _printf_fp_hex.o(.constdata)
    .constdata                               0x0000272d   Section       38  _printf_fp_hex.o(.constdata)
    uc_hextab                                0x00002740   Data          19  _printf_fp_hex.o(.constdata)
    tenpwrs_x                                0x00002754   Data          60  bigflt0.o(.constdata)
    .constdata                               0x00002754   Section      148  bigflt0.o(.constdata)
    tenpwrs_i                                0x00002790   Data          64  bigflt0.o(.constdata)
    .L.str.5                                 0x000027e8   Data          21  2d.o(.rodata.str1.1)
    [Anonymous Symbol]                       0x000027e8   Section        0  2d.o(.rodata.str1.1)
    .L.str.4                                 0x000027fd   Data          43  2d.o(.rodata.str1.1)
    .L.str.2                                 0x00002828   Data          25  2d.o(.rodata.str1.1)
    .L.str.1                                 0x00002841   Data          25  2d.o(.rodata.str1.1)
    .L.str                                   0x0000285a   Data          27  2d.o(.rodata.str1.1)
    .L.str.3                                 0x00002875   Data          21  2d.o(.rodata.str1.1)
    locale$$data                             0x0000289c   Section       28  lc_numeric_c.o(locale$$data)
    __lcnum_c_name                           0x000028a0   Data           2  lc_numeric_c.o(locale$$data)
    __lcnum_c_start                          0x000028a8   Data           0  lc_numeric_c.o(locale$$data)
    __lcnum_c_point                          0x000028b4   Data           0  lc_numeric_c.o(locale$$data)
    __lcnum_c_thousands                      0x000028b6   Data           0  lc_numeric_c.o(locale$$data)
    __lcnum_c_grouping                       0x000028b7   Data           0  lc_numeric_c.o(locale$$data)
    __lcnum_c_end                            0x000028b8   Data           0  lc_numeric_c.o(locale$$data)
    locale$$data                             0x000028b8   Section      272  lc_ctype_c.o(locale$$data)
    __lcctype_c_name                         0x000028bc   Data           2  lc_ctype_c.o(locale$$data)
    __lcctype_c_start                        0x000028c4   Data           0  lc_ctype_c.o(locale$$data)
    __lcctype_c_end                          0x000029c8   Data           0  lc_ctype_c.o(locale$$data)
    .bss                                     0x20000000   Section       96  libspace.o(.bss)
    Heap_Mem                                 0x20000090   Data           0  startup_tm4c123.o(HEAP)
    Stack_Mem                                0x20000090   Data         512  startup_tm4c123.o(STACK)
    HEAP                                     0x20000090   Section        0  startup_tm4c123.o(HEAP)
    STACK                                    0x20000090   Section      512  startup_tm4c123.o(STACK)
    __initial_sp                             0x20000290   Data           0  startup_tm4c123.o(STACK)

    Global Symbols

    Symbol Name                              Value     Ov Type        Size  Object(Section)

    BuildAttributes$$THM_ISAv4$E$P$D$K$B$S$7EM$VFPi3$EXTD16$VFPS$VFMA$PE$A:L22UL41UL21$X:L11$S22US41US21$IEEE1$IW$~IW$USESV6$~STKCKD$USESV7$~SHL$OTIME$ROPI$IEEEJ$EBA8$UX$STANDARDLIB$REQ8$PRES8$EABIv2 0x00000000   Number         0  anon$$obj.o ABSOLUTE
    __Vectors                                0x00000000   Data           4  startup_tm4c123.o(RESET)
    _printf_flags                            0x00000000   Number         0  printf_stubs.o ABSOLUTE
    _printf_return_value                     0x00000000   Number         0  printf_stubs.o ABSOLUTE
    _printf_sizespec                         0x00000000   Number         0  printf_stubs.o ABSOLUTE
    _printf_widthprec                        0x00000000   Number         0  printf_stubs.o ABSOLUTE
    __ARM_exceptions_init                     - Undefined Weak Reference
    __alloca_initialize                       - Undefined Weak Reference
    __arm_preinit_                            - Undefined Weak Reference
    __arm_relocate_pie_                       - Undefined Weak Reference
    __cpp_initialize__aeabi_                  - Undefined Weak Reference
    __cxa_finalize                            - Undefined Weak Reference
    __sigvec_lookup                           - Undefined Weak Reference
    _atexit_init                              - Undefined Weak Reference
    _call_atexit_fns                          - Undefined Weak Reference
    _clock_init                               - Undefined Weak Reference
    _fp_trap_init                             - Undefined Weak Reference
    _fp_trap_shutdown                         - Undefined Weak Reference
    _get_lc_collate                           - Undefined Weak Reference
    _get_lc_monetary                          - Undefined Weak Reference
    _get_lc_time                              - Undefined Weak Reference
    _getenv_init                              - Undefined Weak Reference
    _handle_redirection                       - Undefined Weak Reference
    _init_alloc                               - Undefined Weak Reference
    _init_user_alloc                          - Undefined Weak Reference
    _initio                                   - Undefined Weak Reference
    _printf_mbtowc                            - Undefined Weak Reference
    _printf_wc                                - Undefined Weak Reference
    _rand_init                                - Undefined Weak Reference
    _signal_finish                            - Undefined Weak Reference
    _signal_init                              - Undefined Weak Reference
    _terminate_alloc                          - Undefined Weak Reference
    _terminate_user_alloc                     - Undefined Weak Reference
    _terminateio                              - Undefined Weak Reference
    __Vectors_End                            0x0000026c   Data           0  startup_tm4c123.o(RESET)
    __Vectors_Size                           0x0000026c   Number         0  startup_tm4c123.o ABSOLUTE
    __main                                   0x0000026d   Thumb Code     8  __main.o(!!!main)
    __scatterload                            0x00000275   Thumb Code     0  __scatter.o(!!!scatter)
    __scatterload_rt2                        0x00000275   Thumb Code    44  __scatter.o(!!!scatter)
    __scatterload_rt2_thumb_only             0x00000275   Thumb Code     0  __scatter.o(!!!scatter)
    __scatterload_null                       0x00000283   Thumb Code     0  __scatter.o(!!!scatter)
    __scatterload_zeroinit                   0x000002a9   Thumb Code    28  __scatter_zi.o(!!handler_zi)
    _printf_n                                0x000002c5   Thumb Code     0  _printf_n.o(.ARM.Collect$$_printf_percent$$00000001)
    _printf_percent                          0x000002c5   Thumb Code     0  _printf_percent.o(.ARM.Collect$$_printf_percent$$00000000)
    _printf_p                                0x000002cb   Thumb Code     0  _printf_p.o(.ARM.Collect$$_printf_percent$$00000002)
    _printf_f                                0x000002d1   Thumb Code     0  _printf_f.o(.ARM.Collect$$_printf_percent$$00000003)
    _printf_e                                0x000002d7   Thumb Code     0  _printf_e.o(.ARM.Collect$$_printf_percent$$00000004)
    _printf_g                                0x000002dd   Thumb Code     0  _printf_g.o(.ARM.Collect$$_printf_percent$$00000005)
    _printf_a                                0x000002e3   Thumb Code     0  _printf_a.o(.ARM.Collect$$_printf_percent$$00000006)
    _printf_ll                               0x000002e9   Thumb Code     0  _printf_ll.o(.ARM.Collect$$_printf_percent$$00000007)
    _printf_i                                0x000002f3   Thumb Code     0  _printf_i.o(.ARM.Collect$$_printf_percent$$00000008)
    _printf_d                                0x000002f9   Thumb Code     0  _printf_d.o(.ARM.Collect$$_printf_percent$$00000009)
    _printf_u                                0x000002ff   Thumb Code     0  _printf_u.o(.ARM.Collect$$_printf_percent$$0000000A)
    _printf_o                                0x00000305   Thumb Code     0  _printf_o.o(.ARM.Collect$$_printf_percent$$0000000B)
    _printf_x                                0x0000030b   Thumb Code     0  _printf_x.o(.ARM.Collect$$_printf_percent$$0000000C)
    _printf_lli                              0x00000311   Thumb Code     0  _printf_lli.o(.ARM.Collect$$_printf_percent$$0000000D)
    _printf_lld                              0x00000317   Thumb Code     0  _printf_lld.o(.ARM.Collect$$_printf_percent$$0000000E)
    _printf_llu                              0x0000031d   Thumb Code     0  _printf_llu.o(.ARM.Collect$$_printf_percent$$0000000F)
    _printf_llo                              0x00000323   Thumb Code     0  _printf_llo.o(.ARM.Collect$$_printf_percent$$00000010)
    _printf_llx                              0x00000329   Thumb Code     0  _printf_llx.o(.ARM.Collect$$_printf_percent$$00000011)
    _printf_l                                0x0000032f   Thumb Code     0  _printf_l.o(.ARM.Collect$$_printf_percent$$00000012)
    _printf_c                                0x00000339   Thumb Code     0  _printf_c.o(.ARM.Collect$$_printf_percent$$00000013)
    _printf_s                                0x0000033f   Thumb Code     0  _printf_s.o(.ARM.Collect$$_printf_percent$$00000014)
    _printf_lc                               0x00000345   Thumb Code     0  _printf_lc.o(.ARM.Collect$$_printf_percent$$00000015)
    _printf_ls                               0x0000034b   Thumb Code     0  _printf_ls.o(.ARM.Collect$$_printf_percent$$00000016)
    _printf_percent_end                      0x00000351   Thumb Code     0  _printf_percent_end.o(.ARM.Collect$$_printf_percent$$00000017)
    __rt_lib_init                            0x00000355   Thumb Code     0  libinit.o(.ARM.Collect$$libinit$$00000000)
    __rt_lib_init_fp_1                       0x00000357   Thumb Code     0  libinit2.o(.ARM.Collect$$libinit$$00000001)
    __rt_lib_init_heap_1                     0x0000035b   Thumb Code     0  libinit2.o(.ARM.Collect$$libinit$$0000000C)
    __rt_lib_init_lc_common                  0x0000035b   Thumb Code     0  libinit2.o(.ARM.Collect$$libinit$$00000011)
    __rt_lib_init_preinit_1                  0x0000035b   Thumb Code     0  libinit2.o(.ARM.Collect$$libinit$$00000006)
    __rt_lib_init_rand_1                     0x0000035b   Thumb Code     0  libinit2.o(.ARM.Collect$$libinit$$00000010)
    __rt_lib_init_relocate_pie_1             0x0000035b   Thumb Code     0  libinit2.o(.ARM.Collect$$libinit$$00000004)
    __rt_lib_init_user_alloc_1               0x0000035b   Thumb Code     0  libinit2.o(.ARM.Collect$$libinit$$0000000E)
    __rt_lib_init_lc_collate_1               0x00000361   Thumb Code     0  libinit2.o(.ARM.Collect$$libinit$$00000013)
    __rt_lib_init_lc_ctype_2                 0x00000361   Thumb Code     0  libinit2.o(.ARM.Collect$$libinit$$00000014)
    __rt_lib_init_lc_ctype_1                 0x0000036d   Thumb Code     0  libinit2.o(.ARM.Collect$$libinit$$00000015)
    __rt_lib_init_lc_monetary_1              0x0000036d   Thumb Code     0  libinit2.o(.ARM.Collect$$libinit$$00000017)
    __rt_lib_init_lc_numeric_2               0x0000036d   Thumb Code     0  libinit2.o(.ARM.Collect$$libinit$$00000018)
    __rt_lib_init_alloca_1                   0x00000377   Thumb Code     0  libinit2.o(.ARM.Collect$$libinit$$00000030)
    __rt_lib_init_argv_1                     0x00000377   Thumb Code     0  libinit2.o(.ARM.Collect$$libinit$$0000002E)
    __rt_lib_init_atexit_1                   0x00000377   Thumb Code     0  libinit2.o(.ARM.Collect$$libinit$$0000001D)
    __rt_lib_init_clock_1                    0x00000377   Thumb Code     0  libinit2.o(.ARM.Collect$$libinit$$00000023)
    __rt_lib_init_cpp_1                      0x00000377   Thumb Code     0  libinit2.o(.ARM.Collect$$libinit$$00000034)
    __rt_lib_init_exceptions_1               0x00000377   Thumb Code     0  libinit2.o(.ARM.Collect$$libinit$$00000032)
    __rt_lib_init_fp_trap_1                  0x00000377   Thumb Code     0  libinit2.o(.ARM.Collect$$libinit$$00000021)
    __rt_lib_init_getenv_1                   0x00000377   Thumb Code     0  libinit2.o(.ARM.Collect$$libinit$$00000025)
    __rt_lib_init_lc_numeric_1               0x00000377   Thumb Code     0  libinit2.o(.ARM.Collect$$libinit$$00000019)
    __rt_lib_init_lc_time_1                  0x00000377   Thumb Code     0  libinit2.o(.ARM.Collect$$libinit$$0000001B)
    __rt_lib_init_return                     0x00000377   Thumb Code     0  libinit2.o(.ARM.Collect$$libinit$$00000035)
    __rt_lib_init_signal_1                   0x00000377   Thumb Code     0  libinit2.o(.ARM.Collect$$libinit$$0000001F)
    __rt_lib_init_stdio_1                    0x00000377   Thumb Code     0  libinit2.o(.ARM.Collect$$libinit$$00000027)
    __rt_lib_shutdown                        0x00000379   Thumb Code     0  libshutdown.o(.ARM.Collect$$libshutdown$$00000000)
    __rt_lib_shutdown_cpp_1                  0x0000037b   Thumb Code     0  libshutdown2.o(.ARM.Collect$$libshutdown$$00000002)
    __rt_lib_shutdown_fp_trap_1              0x0000037b   Thumb Code     0  libshutdown2.o(.ARM.Collect$$libshutdown$$00000007)
    __rt_lib_shutdown_heap_1                 0x0000037b   Thumb Code     0  libshutdown2.o(.ARM.Collect$$libshutdown$$0000000F)
    __rt_lib_shutdown_return                 0x0000037b   Thumb Code     0  libshutdown2.o(.ARM.Collect$$libshutdown$$00000010)
    __rt_lib_shutdown_signal_1               0x0000037b   Thumb Code     0  libshutdown2.o(.ARM.Collect$$libshutdown$$0000000A)
    __rt_lib_shutdown_stdio_1                0x0000037b   Thumb Code     0  libshutdown2.o(.ARM.Collect$$libshutdown$$00000004)
    __rt_lib_shutdown_user_alloc_1           0x0000037b   Thumb Code     0  libshutdown2.o(.ARM.Collect$$libshutdown$$0000000C)
    __rt_entry                               0x0000037d   Thumb Code     0  __rtentry.o(.ARM.Collect$$rtentry$$00000000)
    __rt_entry_presh_1                       0x0000037d   Thumb Code     0  __rtentry2.o(.ARM.Collect$$rtentry$$00000002)
    __rt_entry_sh                            0x0000037d   Thumb Code     0  __rtentry4.o(.ARM.Collect$$rtentry$$00000004)
    __rt_entry_li                            0x00000383   Thumb Code     0  __rtentry2.o(.ARM.Collect$$rtentry$$0000000A)
    __rt_entry_postsh_1                      0x00000383   Thumb Code     0  __rtentry2.o(.ARM.Collect$$rtentry$$00000009)
    __rt_entry_main                          0x00000387   Thumb Code     0  __rtentry2.o(.ARM.Collect$$rtentry$$0000000D)
    __rt_entry_postli_1                      0x00000387   Thumb Code     0  __rtentry2.o(.ARM.Collect$$rtentry$$0000000C)
    __rt_exit                                0x0000038f   Thumb Code     0  rtexit.o(.ARM.Collect$$rtexit$$00000000)
    __rt_exit_ls                             0x00000391   Thumb Code     0  rtexit2.o(.ARM.Collect$$rtexit$$00000003)
    __rt_exit_prels_1                        0x00000391   Thumb Code     0  rtexit2.o(.ARM.Collect$$rtexit$$00000002)
    __rt_exit_exit                           0x00000395   Thumb Code     0  rtexit2.o(.ARM.Collect$$rtexit$$00000004)
    Reset_Handler                            0x0000039d   Thumb Code     8  startup_tm4c123.o(.text)
    NMI_Handler                              0x000003a5   Thumb Code     2  startup_tm4c123.o(.text)
    HardFault_Handler                        0x000003a7   Thumb Code     2  startup_tm4c123.o(.text)
    MemManage_Handler                        0x000003a9   Thumb Code     2  startup_tm4c123.o(.text)
    BusFault_Handler                         0x000003ab   Thumb Code     2  startup_tm4c123.o(.text)
    UsageFault_Handler                       0x000003ad   Thumb Code     2  startup_tm4c123.o(.text)
    SVC_Handler                              0x000003af   Thumb Code     2  startup_tm4c123.o(.text)
    DebugMon_Handler                         0x000003b1   Thumb Code     2  startup_tm4c123.o(.text)
    PendSV_Handler                           0x000003b3   Thumb Code     2  startup_tm4c123.o(.text)
    SysTick_Handler                          0x000003b5   Thumb Code     2  startup_tm4c123.o(.text)
    GPIOA_Handler                            0x000003b7   Thumb Code     2  startup_tm4c123.o(.text)
    GPIOB_Handler                            0x000003b9   Thumb Code     2  startup_tm4c123.o(.text)
    GPIOC_Handler                            0x000003bb   Thumb Code     2  startup_tm4c123.o(.text)
    GPIOD_Handler                            0x000003bd   Thumb Code     2  startup_tm4c123.o(.text)
    GPIOE_Handler                            0x000003bf   Thumb Code     2  startup_tm4c123.o(.text)
    UART0_Handler                            0x000003c1   Thumb Code     2  startup_tm4c123.o(.text)
    UART1_Handler                            0x000003c3   Thumb Code     2  startup_tm4c123.o(.text)
    SSI0_Handler                             0x000003c5   Thumb Code     2  startup_tm4c123.o(.text)
    I2C0_Handler                             0x000003c7   Thumb Code     2  startup_tm4c123.o(.text)
    PMW0_FAULT_Handler                       0x000003c9   Thumb Code     2  startup_tm4c123.o(.text)
    PWM0_0_Handler                           0x000003cb   Thumb Code     2  startup_tm4c123.o(.text)
    PWM0_1_Handler                           0x000003cd   Thumb Code     2  startup_tm4c123.o(.text)
    PWM0_2_Handler                           0x000003cf   Thumb Code     2  startup_tm4c123.o(.text)
    QEI0_Handler                             0x000003d1   Thumb Code     2  startup_tm4c123.o(.text)
    ADC0SS0_Handler                          0x000003d3   Thumb Code     2  startup_tm4c123.o(.text)
    ADC0SS1_Handler                          0x000003d5   Thumb Code     2  startup_tm4c123.o(.text)
    ADC0SS2_Handler                          0x000003d7   Thumb Code     2  startup_tm4c123.o(.text)
    WDT0_Handler                             0x000003db   Thumb Code     2  startup_tm4c123.o(.text)
    TIMER0A_Handler                          0x000003dd   Thumb Code     2  startup_tm4c123.o(.text)
    TIMER0B_Handler                          0x000003df   Thumb Code     2  startup_tm4c123.o(.text)
    TIMER1A_Handler                          0x000003e1   Thumb Code     2  startup_tm4c123.o(.text)
    TIMER1B_Handler                          0x000003e3   Thumb Code     2  startup_tm4c123.o(.text)
    TIMER2B_Handler                          0x000003e7   Thumb Code     2  startup_tm4c123.o(.text)
    COMP0_Handler                            0x000003e9   Thumb Code     2  startup_tm4c123.o(.text)
    COMP1_Handler                            0x000003eb   Thumb Code     2  startup_tm4c123.o(.text)
    COMP2_Handler                            0x000003ed   Thumb Code     2  startup_tm4c123.o(.text)
    SYSCTL_Handler                           0x000003ef   Thumb Code     2  startup_tm4c123.o(.text)
    FLASH_Handler                            0x000003f1   Thumb Code     2  startup_tm4c123.o(.text)
    GPIOF_Handler                            0x000003f3   Thumb Code     2  startup_tm4c123.o(.text)
    GPIOG_Handler                            0x000003f5   Thumb Code     2  startup_tm4c123.o(.text)
    GPIOH_Handler                            0x000003f7   Thumb Code     2  startup_tm4c123.o(.text)
    UART2_Handler                            0x000003f9   Thumb Code     2  startup_tm4c123.o(.text)
    SSI1_Handler                             0x000003fb   Thumb Code     2  startup_tm4c123.o(.text)
    TIMER3A_Handler                          0x000003fd   Thumb Code     2  startup_tm4c123.o(.text)
    TIMER3B_Handler                          0x000003ff   Thumb Code     2  startup_tm4c123.o(.text)
    I2C1_Handler                             0x00000401   Thumb Code     2  startup_tm4c123.o(.text)
    QEI1_Handler                             0x00000403   Thumb Code     2  startup_tm4c123.o(.text)
    CAN0_Handler                             0x00000405   Thumb Code     2  startup_tm4c123.o(.text)
    CAN1_Handler                             0x00000407   Thumb Code     2  startup_tm4c123.o(.text)
    CAN2_Handler                             0x00000409   Thumb Code     2  startup_tm4c123.o(.text)
    HIB_Handler                              0x0000040b   Thumb Code     2  startup_tm4c123.o(.text)
    USB0_Handler                             0x0000040d   Thumb Code     2  startup_tm4c123.o(.text)
    PWM0_3_Handler                           0x0000040f   Thumb Code     2  startup_tm4c123.o(.text)
    UDMA_Handler                             0x00000411   Thumb Code     2  startup_tm4c123.o(.text)
    UDMAERR_Handler                          0x00000413   Thumb Code     2  startup_tm4c123.o(.text)
    ADC1SS0_Handler                          0x00000415   Thumb Code     2  startup_tm4c123.o(.text)
    ADC1SS1_Handler                          0x00000417   Thumb Code     2  startup_tm4c123.o(.text)
    ADC1SS2_Handler                          0x00000419   Thumb Code     2  startup_tm4c123.o(.text)
    ADC1SS3_Handler                          0x0000041b   Thumb Code     2  startup_tm4c123.o(.text)
    GPIOJ_Handler                            0x0000041d   Thumb Code     2  startup_tm4c123.o(.text)
    GPIOK_Handler                            0x0000041f   Thumb Code     2  startup_tm4c123.o(.text)
    GPIOL_Handler                            0x00000421   Thumb Code     2  startup_tm4c123.o(.text)
    SSI2_Handler                             0x00000423   Thumb Code     2  startup_tm4c123.o(.text)
    SSI3_Handler                             0x00000425   Thumb Code     2  startup_tm4c123.o(.text)
    UART3_Handler                            0x00000427   Thumb Code     2  startup_tm4c123.o(.text)
    UART4_Handler                            0x00000429   Thumb Code     2  startup_tm4c123.o(.text)
    UART5_Handler                            0x0000042b   Thumb Code     2  startup_tm4c123.o(.text)
    UART6_Handler                            0x0000042d   Thumb Code     2  startup_tm4c123.o(.text)
    UART7_Handler                            0x0000042f   Thumb Code     2  startup_tm4c123.o(.text)
    I2C2_Handler                             0x00000431   Thumb Code     2  startup_tm4c123.o(.text)
    I2C3_Handler                             0x00000433   Thumb Code     2  startup_tm4c123.o(.text)
    TIMER4A_Handler                          0x00000435   Thumb Code     2  startup_tm4c123.o(.text)
    TIMER4B_Handler                          0x00000437   Thumb Code     2  startup_tm4c123.o(.text)
    TIMER5A_Handler                          0x00000439   Thumb Code     2  startup_tm4c123.o(.text)
    TIMER5B_Handler                          0x0000043b   Thumb Code     2  startup_tm4c123.o(.text)
    WTIMER0A_Handler                         0x0000043d   Thumb Code     2  startup_tm4c123.o(.text)
    WTIMER0B_Handler                         0x0000043f   Thumb Code     2  startup_tm4c123.o(.text)
    WTIMER1A_Handler                         0x00000441   Thumb Code     2  startup_tm4c123.o(.text)
    WTIMER1B_Handler                         0x00000443   Thumb Code     2  startup_tm4c123.o(.text)
    WTIMER2A_Handler                         0x00000445   Thumb Code     2  startup_tm4c123.o(.text)
    WTIMER2B_Handler                         0x00000447   Thumb Code     2  startup_tm4c123.o(.text)
    WTIMER3A_Handler                         0x00000449   Thumb Code     2  startup_tm4c123.o(.text)
    WTIMER3B_Handler                         0x0000044b   Thumb Code     2  startup_tm4c123.o(.text)
    WTIMER4A_Handler                         0x0000044d   Thumb Code     2  startup_tm4c123.o(.text)
    WTIMER4B_Handler                         0x0000044f   Thumb Code     2  startup_tm4c123.o(.text)
    WTIMER5A_Handler                         0x00000451   Thumb Code     2  startup_tm4c123.o(.text)
    WTIMER5B_Handler                         0x00000453   Thumb Code     2  startup_tm4c123.o(.text)
    FPU_Handler                              0x00000455   Thumb Code     2  startup_tm4c123.o(.text)
    I2C4_Handler                             0x00000457   Thumb Code     2  startup_tm4c123.o(.text)
    I2C5_Handler                             0x00000459   Thumb Code     2  startup_tm4c123.o(.text)
    GPIOM_Handler                            0x0000045b   Thumb Code     2  startup_tm4c123.o(.text)
    GPION_Handler                            0x0000045d   Thumb Code     2  startup_tm4c123.o(.text)
    QEI2_Handler                             0x0000045f   Thumb Code     2  startup_tm4c123.o(.text)
    GPIOP0_Handler                           0x00000461   Thumb Code     2  startup_tm4c123.o(.text)
    GPIOP1_Handler                           0x00000463   Thumb Code     2  startup_tm4c123.o(.text)
    GPIOP2_Handler                           0x00000465   Thumb Code     2  startup_tm4c123.o(.text)
    GPIOP3_Handler                           0x00000467   Thumb Code     2  startup_tm4c123.o(.text)
    GPIOP4_Handler                           0x00000469   Thumb Code     2  startup_tm4c123.o(.text)
    GPIOP5_Handler                           0x0000046b   Thumb Code     2  startup_tm4c123.o(.text)
    GPIOP6_Handler                           0x0000046d   Thumb Code     2  startup_tm4c123.o(.text)
    GPIOP7_Handler                           0x0000046f   Thumb Code     2  startup_tm4c123.o(.text)
    GPIOQ0_Handler                           0x00000471   Thumb Code     2  startup_tm4c123.o(.text)
    GPIOQ1_Handler                           0x00000473   Thumb Code     2  startup_tm4c123.o(.text)
    GPIOQ2_Handler                           0x00000475   Thumb Code     2  startup_tm4c123.o(.text)
    GPIOQ3_Handler                           0x00000477   Thumb Code     2  startup_tm4c123.o(.text)
    GPIOQ4_Handler                           0x00000479   Thumb Code     2  startup_tm4c123.o(.text)
    GPIOQ5_Handler                           0x0000047b   Thumb Code     2  startup_tm4c123.o(.text)
    GPIOQ6_Handler                           0x0000047d   Thumb Code     2  startup_tm4c123.o(.text)
    GPIOQ7_Handler                           0x0000047f   Thumb Code     2  startup_tm4c123.o(.text)
    GPIOR_Handler                            0x00000481   Thumb Code     2  startup_tm4c123.o(.text)
    GPIOS_Handler                            0x00000483   Thumb Code     2  startup_tm4c123.o(.text)
    PMW1_0_Handler                           0x00000485   Thumb Code     2  startup_tm4c123.o(.text)
    PWM1_1_Handler                           0x00000487   Thumb Code     2  startup_tm4c123.o(.text)
    PWM1_2_Handler                           0x00000489   Thumb Code     2  startup_tm4c123.o(.text)
    PWM1_3_Handler                           0x0000048b   Thumb Code     2  startup_tm4c123.o(.text)
    PWM1_FAULT_Handler                       0x0000048d   Thumb Code     2  startup_tm4c123.o(.text)
    __user_initial_stackheap                 0x00000491   Thumb Code     0  startup_tm4c123.o(.text)
    sprintf                                  0x000004b1   Thumb Code    38  sprintf.o(.text)
    strlen                                   0x000004dd   Thumb Code    62  strlen.o(.text)
    __use_two_region_memory                  0x0000051b   Thumb Code     2  heapauxi.o(.text)
    __rt_heap_escrow$2region                 0x0000051d   Thumb Code     2  heapauxi.o(.text)
    __rt_heap_expand$2region                 0x0000051f   Thumb Code     2  heapauxi.o(.text)
    _printf_pre_padding                      0x00000521   Thumb Code    44  _printf_pad.o(.text)
    _printf_post_padding                     0x0000054d   Thumb Code    34  _printf_pad.o(.text)
    _printf_truncate_signed                  0x0000056f   Thumb Code    18  _printf_truncate.o(.text)
    _printf_truncate_unsigned                0x00000581   Thumb Code    18  _printf_truncate.o(.text)
    _printf_str                              0x00000593   Thumb Code    82  _printf_str.o(.text)
    _printf_int_dec                          0x000005e5   Thumb Code   104  _printf_dec.o(.text)
    _printf_charcount                        0x0000065d   Thumb Code    40  _printf_charcount.o(.text)
    _printf_char_common                      0x0000068f   Thumb Code    32  _printf_char_common.o(.text)
    _sputc                                   0x000006b5   Thumb Code    10  _sputc.o(.text)
    _printf_wctomb                           0x000006c1   Thumb Code   182  _printf_wctomb.o(.text)
    _printf_longlong_dec                     0x0000077d   Thumb Code   108  _printf_longlong_dec.o(.text)
    _printf_longlong_oct                     0x000007f9   Thumb Code    68  _printf_oct_int_ll.o(.text)
    _printf_int_oct                          0x0000083d   Thumb Code    24  _printf_oct_int_ll.o(.text)
    _printf_ll_oct                           0x00000855   Thumb Code    12  _printf_oct_int_ll.o(.text)
    _printf_longlong_hex                     0x00000869   Thumb Code    86  _printf_hex_int_ll_ptr.o(.text)
    _printf_int_hex                          0x000008bf   Thumb Code    28  _printf_hex_int_ll_ptr.o(.text)
    _printf_ll_hex                           0x000008db   Thumb Code    12  _printf_hex_int_ll_ptr.o(.text)
    _printf_hex_ptr                          0x000008e7   Thumb Code    18  _printf_hex_int_ll_ptr.o(.text)
    __printf                                 0x000008fd   Thumb Code   388  __printf_flags_ss_wp.o(.text)
    _ll_udiv10                               0x00000a85   Thumb Code   138  lludiv10.o(.text)
    _printf_int_common                       0x00000b0f   Thumb Code   178  _printf_intcommon.o(.text)
    _printf_fp_dec_real                      0x00000d71   Thumb Code   620  _printf_fp_dec.o(.text)
    _printf_fp_hex_real                      0x00000fdd   Thumb Code   756  _printf_fp_hex.o(.text)
    _printf_cs_common                        0x000012d9   Thumb Code    20  _printf_char.o(.text)
    _printf_char                             0x000012ed   Thumb Code    16  _printf_char.o(.text)
    _printf_string                           0x000012fd   Thumb Code     8  _printf_char.o(.text)
    _printf_lcs_common                       0x00001305   Thumb Code    20  _printf_wchar.o(.text)
    _printf_wchar                            0x00001319   Thumb Code    16  _printf_wchar.o(.text)
    _printf_wstring                          0x00001329   Thumb Code     8  _printf_wchar.o(.text)
    _c16rtomb                                0x00001331   Thumb Code    72  _c16rtomb.o(.text)
    _wcrtomb                                 0x00001331   Thumb Code     0  _c16rtomb.o(.text)
    __user_setup_stackheap                   0x00001379   Thumb Code    74  sys_stackheap_outer.o(.text)
    __rt_ctype_table                         0x000013c5   Thumb Code    16  rt_ctype_table.o(.text)
    __rt_locale                              0x000013d5   Thumb Code     8  rt_locale_intlibspace.o(.text)
    _printf_fp_infnan                        0x000013dd   Thumb Code   112  _printf_fp_infnan.o(.text)
    _btod_etento                             0x0000145d   Thumb Code   224  bigflt0.o(.text)
    exit                                     0x00001541   Thumb Code    18  exit.o(.text)
    __user_libspace                          0x00001555   Thumb Code     8  libspace.o(.text)
    __user_perproc_libspace                  0x00001555   Thumb Code     0  libspace.o(.text)
    __user_perthread_libspace                0x00001555   Thumb Code     0  libspace.o(.text)
    strcmp                                   0x00001561   Thumb Code   124  strcmpv7em.o(.text)
    _sys_exit                                0x000015dd   Thumb Code     8  sys_exit.o(.text)
    __I$use$semihosting                      0x000015e9   Thumb Code     0  use_no_semi.o(.text)
    __use_no_semihosting_swi                 0x000015e9   Thumb Code     2  use_no_semi.o(.text)
    __semihosting_library_function           0x000015eb   Thumb Code     0  indicate_semi.o(.text)
    ADC0SS3_Handler                          0x000015ed   Thumb Code   298  2d.o(.text.ADC0SS3_Handler)
    ADC_Init                                 0x00001719   Thumb Code   220  2d.o(.text.ADC_Init)
    HC05_Init                                0x000017f5   Thumb Code    92  2d.o(.text.HC05_Init)
    PortBE_Init                              0x00001851   Thumb Code   138  2d.o(.text.PortBE_Init)
    PortF_Init                               0x000018dd   Thumb Code   122  2d.o(.text.PortF_Init)
    SystemInit                               0x00001959   Thumb Code   268  system_tm4c123.o(.text.SystemInit)
    TIMER2A_Handler                          0x00001a65   Thumb Code   228  2d.o(.text.TIMER2A_Handler)
    blueTooth_Read                           0x00001b49   Thumb Code    46  2d.o(.text.blueTooth_Read)
    blueTooth_Write                          0x00001b79   Thumb Code    46  2d.o(.text.blueTooth_Write)
    main                                     0x00001ba9   Thumb Code   454  2d.o(.text.main)
    timer0A_delayMs                          0x00001d71   Thumb Code    68  2d.o(.text.timer0A_delayMs)
    timer0_Init                              0x00001db5   Thumb Code    86  2d.o(.text.timer0_Init)
    timer1_Init                              0x00001e0d   Thumb Code    90  2d.o(.text.timer1_Init)
    write_string                             0x00001e69   Thumb Code    56  2d.o(.text.write_string)
    _btod_d2e                                0x00001ea1   Thumb Code    62  btod.o(CL$$btod_d2e)
    _d2e_denorm_low                          0x00001edf   Thumb Code    70  btod.o(CL$$btod_d2e_denorm_low)
    _d2e_norm_op1                            0x00001f25   Thumb Code    96  btod.o(CL$$btod_d2e_norm_op1)
    __btod_div_common                        0x00001f85   Thumb Code   696  btod.o(CL$$btod_div_common)
    _e2e                                     0x000022bd   Thumb Code   220  btod.o(CL$$btod_e2e)
    _btod_ediv                               0x00002399   Thumb Code    42  btod.o(CL$$btod_ediv)
    _btod_emul                               0x000023c3   Thumb Code    42  btod.o(CL$$btod_emul)
    __btod_mult_common                       0x000023ed   Thumb Code   580  btod.o(CL$$btod_mult_common)
    __ARM_fpclassify                         0x00002631   Thumb Code    48  fpclassify.o(i.__ARM_fpclassify)
    _is_digit                                0x00002661   Thumb Code    14  __printf_wp.o(i._is_digit)
    _get_lc_numeric                          0x00002671   Thumb Code    44  lc_numeric_c.o(locale$$code)
    _get_lc_ctype                            0x0000269d   Thumb Code    44  lc_ctype_c.o(locale$$code)
    _fp_init                                 0x000026c9   Thumb Code    26  fpinit.o(x$fpl$fpinit)
    __fplib_config_fpu_vfp                   0x000026e1   Thumb Code     0  fpinit.o(x$fpl$fpinit)
    __fplib_config_pureend_doubles           0x000026e1   Thumb Code     0  fpinit.o(x$fpl$fpinit)
    _printf_fp_dec                           0x000026e3   Thumb Code     4  printf1.o(x$fpl$printf1)
    _printf_fp_hex                           0x000026e7   Thumb Code     4  printf2.o(x$fpl$printf2)
    __I$use$fp                               0x000026ea   Number         0  usenofp.o(x$fpl$usenofp)
    Region$$Table$$Base                      0x0000288c   Number         0  anon$$obj.o(Region$$Table)
    Region$$Table$$Limit                     0x0000289c   Number         0  anon$$obj.o(Region$$Table)
    __ctype                                  0x000028c5   Data           0  lc_ctype_c.o(locale$$data)
    __libspace_start                         0x20000000   Data          96  libspace.o(.bss)
    EchoDelay                                0x20000060   Data           4  2d.o(.bss.EchoDelay)
    __temporary_stack_top$libspace           0x20000060   Data           0  libspace.o(.bss)
    diff                                     0x20000064   Data           4  2d.o(.bss.diff)
    distance                                 0x20000068   Data           4  2d.o(.bss.distance)
    last_temperature                         0x2000006c   Data           4  2d.o(.bss.last_temperature)
    snum                                     0x20000070   Data          26  2d.o(.bss.snum)
    temperature                              0x2000008c   Data           4  2d.o(.bss.temperature)



==============================================================================

Memory Map of the image

  Image Entry point : 0x0000039d

  Load Region LR_1 (Base: 0x00000000, Size: 0x000029c8, Max: 0xffffffff, ABSOLUTE)

    Execution Region ER_RO (Exec base: 0x00000000, Load base: 0x00000000, Size: 0x000029c8, Max: 0xffffffff, ABSOLUTE)

    Exec Addr    Load Addr    Size         Type   Attr      Idx    E Section Name        Object

    0x00000000   0x00000000   0x0000026c   Data   RO           54    RESET               startup_tm4c123.o
    0x0000026c   0x0000026c   0x00000008   Code   RO           83  * !!!main             c_w.l(__main.o)
    0x00000274   0x00000274   0x00000034   Code   RO          420    !!!scatter          c_w.l(__scatter.o)
    0x000002a8   0x000002a8   0x0000001c   Code   RO          422    !!handler_zi        c_w.l(__scatter_zi.o)
    0x000002c4   0x000002c4   0x00000000   Code   RO          167    .ARM.Collect$$_printf_percent$$00000000  c_w.l(_printf_percent.o)
    0x000002c4   0x000002c4   0x00000006   Code   RO          156    .ARM.Collect$$_printf_percent$$00000001  c_w.l(_printf_n.o)
    0x000002ca   0x000002ca   0x00000006   Code   RO          158    .ARM.Collect$$_printf_percent$$00000002  c_w.l(_printf_p.o)
    0x000002d0   0x000002d0   0x00000006   Code   RO          163    .ARM.Collect$$_printf_percent$$00000003  c_w.l(_printf_f.o)
    0x000002d6   0x000002d6   0x00000006   Code   RO          164    .ARM.Collect$$_printf_percent$$00000004  c_w.l(_printf_e.o)
    0x000002dc   0x000002dc   0x00000006   Code   RO          165    .ARM.Collect$$_printf_percent$$00000005  c_w.l(_printf_g.o)
    0x000002e2   0x000002e2   0x00000006   Code   RO          166    .ARM.Collect$$_printf_percent$$00000006  c_w.l(_printf_a.o)
    0x000002e8   0x000002e8   0x0000000a   Code   RO          171    .ARM.Collect$$_printf_percent$$00000007  c_w.l(_printf_ll.o)
    0x000002f2   0x000002f2   0x00000006   Code   RO          160    .ARM.Collect$$_printf_percent$$00000008  c_w.l(_printf_i.o)
    0x000002f8   0x000002f8   0x00000006   Code   RO          161    .ARM.Collect$$_printf_percent$$00000009  c_w.l(_printf_d.o)
    0x000002fe   0x000002fe   0x00000006   Code   RO          162    .ARM.Collect$$_printf_percent$$0000000A  c_w.l(_printf_u.o)
    0x00000304   0x00000304   0x00000006   Code   RO          159    .ARM.Collect$$_printf_percent$$0000000B  c_w.l(_printf_o.o)
    0x0000030a   0x0000030a   0x00000006   Code   RO          157    .ARM.Collect$$_printf_percent$$0000000C  c_w.l(_printf_x.o)
    0x00000310   0x00000310   0x00000006   Code   RO          168    .ARM.Collect$$_printf_percent$$0000000D  c_w.l(_printf_lli.o)
    0x00000316   0x00000316   0x00000006   Code   RO          169    .ARM.Collect$$_printf_percent$$0000000E  c_w.l(_printf_lld.o)
    0x0000031c   0x0000031c   0x00000006   Code   RO          170    .ARM.Collect$$_printf_percent$$0000000F  c_w.l(_printf_llu.o)
    0x00000322   0x00000322   0x00000006   Code   RO          175    .ARM.Collect$$_printf_percent$$00000010  c_w.l(_printf_llo.o)
    0x00000328   0x00000328   0x00000006   Code   RO          176    .ARM.Collect$$_printf_percent$$00000011  c_w.l(_printf_llx.o)
    0x0000032e   0x0000032e   0x0000000a   Code   RO          172    .ARM.Collect$$_printf_percent$$00000012  c_w.l(_printf_l.o)
    0x00000338   0x00000338   0x00000006   Code   RO          154    .ARM.Collect$$_printf_percent$$00000013  c_w.l(_printf_c.o)
    0x0000033e   0x0000033e   0x00000006   Code   RO          155    .ARM.Collect$$_printf_percent$$00000014  c_w.l(_printf_s.o)
    0x00000344   0x00000344   0x00000006   Code   RO          173    .ARM.Collect$$_printf_percent$$00000015  c_w.l(_printf_lc.o)
    0x0000034a   0x0000034a   0x00000006   Code   RO          174    .ARM.Collect$$_printf_percent$$00000016  c_w.l(_printf_ls.o)
    0x00000350   0x00000350   0x00000004   Code   RO          217    .ARM.Collect$$_printf_percent$$00000017  c_w.l(_printf_percent_end.o)
    0x00000354   0x00000354   0x00000002   Code   RO          268    .ARM.Collect$$libinit$$00000000  c_w.l(libinit.o)
    0x00000356   0x00000356   0x00000004   Code   RO          286    .ARM.Collect$$libinit$$00000001  c_w.l(libinit2.o)
    0x0000035a   0x0000035a   0x00000000   Code   RO          289    .ARM.Collect$$libinit$$00000004  c_w.l(libinit2.o)
    0x0000035a   0x0000035a   0x00000000   Code   RO          291    .ARM.Collect$$libinit$$00000006  c_w.l(libinit2.o)
    0x0000035a   0x0000035a   0x00000000   Code   RO          294    .ARM.Collect$$libinit$$0000000C  c_w.l(libinit2.o)
    0x0000035a   0x0000035a   0x00000000   Code   RO          296    .ARM.Collect$$libinit$$0000000E  c_w.l(libinit2.o)
    0x0000035a   0x0000035a   0x00000000   Code   RO          298    .ARM.Collect$$libinit$$00000010  c_w.l(libinit2.o)
    0x0000035a   0x0000035a   0x00000006   Code   RO          299    .ARM.Collect$$libinit$$00000011  c_w.l(libinit2.o)
    0x00000360   0x00000360   0x00000000   Code   RO          301    .ARM.Collect$$libinit$$00000013  c_w.l(libinit2.o)
    0x00000360   0x00000360   0x0000000c   Code   RO          302    .ARM.Collect$$libinit$$00000014  c_w.l(libinit2.o)
    0x0000036c   0x0000036c   0x00000000   Code   RO          303    .ARM.Collect$$libinit$$00000015  c_w.l(libinit2.o)
    0x0000036c   0x0000036c   0x00000000   Code   RO          305    .ARM.Collect$$libinit$$00000017  c_w.l(libinit2.o)
    0x0000036c   0x0000036c   0x0000000a   Code   RO          306    .ARM.Collect$$libinit$$00000018  c_w.l(libinit2.o)
    0x00000376   0x00000376   0x00000000   Code   RO          307    .ARM.Collect$$libinit$$00000019  c_w.l(libinit2.o)
    0x00000376   0x00000376   0x00000000   Code   RO          309    .ARM.Collect$$libinit$$0000001B  c_w.l(libinit2.o)
    0x00000376   0x00000376   0x00000000   Code   RO          311    .ARM.Collect$$libinit$$0000001D  c_w.l(libinit2.o)
    0x00000376   0x00000376   0x00000000   Code   RO          313    .ARM.Collect$$libinit$$0000001F  c_w.l(libinit2.o)
    0x00000376   0x00000376   0x00000000   Code   RO          315    .ARM.Collect$$libinit$$00000021  c_w.l(libinit2.o)
    0x00000376   0x00000376   0x00000000   Code   RO          317    .ARM.Collect$$libinit$$00000023  c_w.l(libinit2.o)
    0x00000376   0x00000376   0x00000000   Code   RO          319    .ARM.Collect$$libinit$$00000025  c_w.l(libinit2.o)
    0x00000376   0x00000376   0x00000000   Code   RO          321    .ARM.Collect$$libinit$$00000027  c_w.l(libinit2.o)
    0x00000376   0x00000376   0x00000000   Code   RO          325    .ARM.Collect$$libinit$$0000002E  c_w.l(libinit2.o)
    0x00000376   0x00000376   0x00000000   Code   RO          327    .ARM.Collect$$libinit$$00000030  c_w.l(libinit2.o)
    0x00000376   0x00000376   0x00000000   Code   RO          329    .ARM.Collect$$libinit$$00000032  c_w.l(libinit2.o)
    0x00000376   0x00000376   0x00000000   Code   RO          331    .ARM.Collect$$libinit$$00000034  c_w.l(libinit2.o)
    0x00000376   0x00000376   0x00000002   Code   RO          332    .ARM.Collect$$libinit$$00000035  c_w.l(libinit2.o)
    0x00000378   0x00000378   0x00000002   Code   RO          356    .ARM.Collect$$libshutdown$$00000000  c_w.l(libshutdown.o)
    0x0000037a   0x0000037a   0x00000000   Code   RO          371    .ARM.Collect$$libshutdown$$00000002  c_w.l(libshutdown2.o)
    0x0000037a   0x0000037a   0x00000000   Code   RO          373    .ARM.Collect$$libshutdown$$00000004  c_w.l(libshutdown2.o)
    0x0000037a   0x0000037a   0x00000000   Code   RO          376    .ARM.Collect$$libshutdown$$00000007  c_w.l(libshutdown2.o)
    0x0000037a   0x0000037a   0x00000000   Code   RO          379    .ARM.Collect$$libshutdown$$0000000A  c_w.l(libshutdown2.o)
    0x0000037a   0x0000037a   0x00000000   Code   RO          381    .ARM.Collect$$libshutdown$$0000000C  c_w.l(libshutdown2.o)
    0x0000037a   0x0000037a   0x00000000   Code   RO          384    .ARM.Collect$$libshutdown$$0000000F  c_w.l(libshutdown2.o)
    0x0000037a   0x0000037a   0x00000002   Code   RO          385    .ARM.Collect$$libshutdown$$00000010  c_w.l(libshutdown2.o)
    0x0000037c   0x0000037c   0x00000000   Code   RO           85    .ARM.Collect$$rtentry$$00000000  c_w.l(__rtentry.o)
    0x0000037c   0x0000037c   0x00000000   Code   RO          186    .ARM.Collect$$rtentry$$00000002  c_w.l(__rtentry2.o)
    0x0000037c   0x0000037c   0x00000006   Code   RO          198    .ARM.Collect$$rtentry$$00000004  c_w.l(__rtentry4.o)
    0x00000382   0x00000382   0x00000000   Code   RO          188    .ARM.Collect$$rtentry$$00000009  c_w.l(__rtentry2.o)
    0x00000382   0x00000382   0x00000004   Code   RO          189    .ARM.Collect$$rtentry$$0000000A  c_w.l(__rtentry2.o)
    0x00000386   0x00000386   0x00000000   Code   RO          191    .ARM.Collect$$rtentry$$0000000C  c_w.l(__rtentry2.o)
    0x00000386   0x00000386   0x00000008   Code   RO          192    .ARM.Collect$$rtentry$$0000000D  c_w.l(__rtentry2.o)
    0x0000038e   0x0000038e   0x00000002   Code   RO          277    .ARM.Collect$$rtexit$$00000000  c_w.l(rtexit.o)
    0x00000390   0x00000390   0x00000000   Code   RO          334    .ARM.Collect$$rtexit$$00000002  c_w.l(rtexit2.o)
    0x00000390   0x00000390   0x00000004   Code   RO          335    .ARM.Collect$$rtexit$$00000003  c_w.l(rtexit2.o)
    0x00000394   0x00000394   0x00000006   Code   RO          336    .ARM.Collect$$rtexit$$00000004  c_w.l(rtexit2.o)
    0x0000039a   0x0000039a   0x00000002   PAD
    0x0000039c   0x0000039c   0x00000114   Code   RO           55  * .text               startup_tm4c123.o
    0x000004b0   0x000004b0   0x0000002c   Code   RO           77    .text               c_w.l(sprintf.o)
    0x000004dc   0x000004dc   0x0000003e   Code   RO           79    .text               c_w.l(strlen.o)
    0x0000051a   0x0000051a   0x00000006   Code   RO           81    .text               c_w.l(heapauxi.o)
    0x00000520   0x00000520   0x0000004e   Code   RO           88    .text               c_w.l(_printf_pad.o)
    0x0000056e   0x0000056e   0x00000024   Code   RO           90    .text               c_w.l(_printf_truncate.o)
    0x00000592   0x00000592   0x00000052   Code   RO           92    .text               c_w.l(_printf_str.o)
    0x000005e4   0x000005e4   0x00000078   Code   RO           94    .text               c_w.l(_printf_dec.o)
    0x0000065c   0x0000065c   0x00000028   Code   RO           96    .text               c_w.l(_printf_charcount.o)
    0x00000684   0x00000684   0x00000030   Code   RO           98    .text               c_w.l(_printf_char_common.o)
    0x000006b4   0x000006b4   0x0000000a   Code   RO          100    .text               c_w.l(_sputc.o)
    0x000006be   0x000006be   0x00000002   PAD
    0x000006c0   0x000006c0   0x000000bc   Code   RO          102    .text               c_w.l(_printf_wctomb.o)
    0x0000077c   0x0000077c   0x0000007c   Code   RO          105    .text               c_w.l(_printf_longlong_dec.o)
    0x000007f8   0x000007f8   0x00000070   Code   RO          111    .text               c_w.l(_printf_oct_int_ll.o)
    0x00000868   0x00000868   0x00000094   Code   RO          131    .text               c_w.l(_printf_hex_int_ll_ptr.o)
    0x000008fc   0x000008fc   0x00000188   Code   RO          151    .text               c_w.l(__printf_flags_ss_wp.o)
    0x00000a84   0x00000a84   0x0000008a   Code   RO          200    .text               c_w.l(lludiv10.o)
    0x00000b0e   0x00000b0e   0x000000b2   Code   RO          202    .text               c_w.l(_printf_intcommon.o)
    0x00000bc0   0x00000bc0   0x0000041c   Code   RO          204    .text               c_w.l(_printf_fp_dec.o)
    0x00000fdc   0x00000fdc   0x000002fc   Code   RO          208    .text               c_w.l(_printf_fp_hex.o)
    0x000012d8   0x000012d8   0x0000002c   Code   RO          213    .text               c_w.l(_printf_char.o)
    0x00001304   0x00001304   0x0000002c   Code   RO          215    .text               c_w.l(_printf_wchar.o)
    0x00001330   0x00001330   0x00000048   Code   RO          218    .text               c_w.l(_c16rtomb.o)
    0x00001378   0x00001378   0x0000004a   Code   RO          220    .text               c_w.l(sys_stackheap_outer.o)
    0x000013c2   0x000013c2   0x00000002   PAD
    0x000013c4   0x000013c4   0x00000010   Code   RO          222    .text               c_w.l(rt_ctype_table.o)
    0x000013d4   0x000013d4   0x00000008   Code   RO          227    .text               c_w.l(rt_locale_intlibspace.o)
    0x000013dc   0x000013dc   0x00000080   Code   RO          229    .text               c_w.l(_printf_fp_infnan.o)
    0x0000145c   0x0000145c   0x000000e4   Code   RO          231    .text               c_w.l(bigflt0.o)
    0x00001540   0x00001540   0x00000012   Code   RO          261    .text               c_w.l(exit.o)
    0x00001552   0x00001552   0x00000002   PAD
    0x00001554   0x00001554   0x00000008   Code   RO          274    .text               c_w.l(libspace.o)
    0x0000155c   0x0000155c   0x00000004   PAD
    0x00001560   0x00001560   0x0000007c   Code   RO          284    .text               c_w.l(strcmpv7em.o)
    0x000015dc   0x000015dc   0x0000000c   Code   RO          346    .text               c_w.l(sys_exit.o)
    0x000015e8   0x000015e8   0x00000002   Code   RO          361    .text               c_w.l(use_no_semi.o)
    0x000015ea   0x000015ea   0x00000000   Code   RO          363    .text               c_w.l(indicate_semi.o)
    0x000015ea   0x000015ea   0x00000002   PAD
    0x000015ec   0x000015ec   0x0000012a   Code   RO           28    .text.ADC0SS3_Handler  2d.o
    0x00001716   0x00001716   0x00000002   PAD
    0x00001718   0x00001718   0x000000dc   Code   RO            4    .text.ADC_Init      2d.o
    0x000017f4   0x000017f4   0x0000005c   Code   RO            6    .text.HC05_Init     2d.o
    0x00001850   0x00001850   0x0000008a   Code   RO           10    .text.PortBE_Init   2d.o
    0x000018da   0x000018da   0x00000002   PAD
    0x000018dc   0x000018dc   0x0000007a   Code   RO           12    .text.PortF_Init    2d.o
    0x00001956   0x00001956   0x00000002   PAD
    0x00001958   0x00001958   0x0000010c   Code   RO           66    .text.SystemInit    system_tm4c123.o
    0x00001a64   0x00001a64   0x000000e4   Code   RO           30    .text.TIMER2A_Handler  2d.o
    0x00001b48   0x00001b48   0x0000002e   Code   RO           18    .text.blueTooth_Read  2d.o
    0x00001b76   0x00001b76   0x00000002   PAD
    0x00001b78   0x00001b78   0x0000002e   Code   RO           22    .text.blueTooth_Write  2d.o
    0x00001ba6   0x00001ba6   0x00000002   PAD
    0x00001ba8   0x00001ba8   0x000001c6   Code   RO            2    .text.main          2d.o
    0x00001d6e   0x00001d6e   0x00000002   PAD
    0x00001d70   0x00001d70   0x00000044   Code   RO           16    .text.timer0A_delayMs  2d.o
    0x00001db4   0x00001db4   0x00000056   Code   RO            8    .text.timer0_Init   2d.o
    0x00001e0a   0x00001e0a   0x00000002   PAD
    0x00001e0c   0x00001e0c   0x0000005a   Code   RO           14    .text.timer1_Init   2d.o
    0x00001e66   0x00001e66   0x00000002   PAD
    0x00001e68   0x00001e68   0x00000038   Code   RO           20    .text.write_string  2d.o
    0x00001ea0   0x00001ea0   0x0000003e   Code   RO          234    CL$$btod_d2e        c_w.l(btod.o)
    0x00001ede   0x00001ede   0x00000046   Code   RO          236    CL$$btod_d2e_denorm_low  c_w.l(btod.o)
    0x00001f24   0x00001f24   0x00000060   Code   RO          235    CL$$btod_d2e_norm_op1  c_w.l(btod.o)
    0x00001f84   0x00001f84   0x00000338   Code   RO          244    CL$$btod_div_common  c_w.l(btod.o)
    0x000022bc   0x000022bc   0x000000dc   Code   RO          241    CL$$btod_e2e        c_w.l(btod.o)
    0x00002398   0x00002398   0x0000002a   Code   RO          238    CL$$btod_ediv       c_w.l(btod.o)
    0x000023c2   0x000023c2   0x0000002a   Code   RO          237    CL$$btod_emul       c_w.l(btod.o)
    0x000023ec   0x000023ec   0x00000244   Code   RO          243    CL$$btod_mult_common  c_w.l(btod.o)
    0x00002630   0x00002630   0x00000030   Code   RO          272    i.__ARM_fpclassify  m_wm.l(fpclassify.o)
    0x00002660   0x00002660   0x0000000e   Code   RO          144    i._is_digit         c_w.l(__printf_wp.o)
    0x0000266e   0x0000266e   0x00000002   PAD
    0x00002670   0x00002670   0x0000002c   Code   RO          259    locale$$code        c_w.l(lc_numeric_c.o)
    0x0000269c   0x0000269c   0x0000002c   Code   RO          282    locale$$code        c_w.l(lc_ctype_c.o)
    0x000026c8   0x000026c8   0x0000001a   Code   RO          344    x$fpl$fpinit        fz_wm.l(fpinit.o)
    0x000026e2   0x000026e2   0x00000004   Code   RO          177    x$fpl$printf1       fz_wm.l(printf1.o)
    0x000026e6   0x000026e6   0x00000004   Code   RO          179    x$fpl$printf2       fz_wm.l(printf2.o)
    0x000026ea   0x000026ea   0x00000000   Code   RO          271    x$fpl$usenofp       fz_wm.l(usenofp.o)
    0x000026ea   0x000026ea   0x00000002   PAD
    0x000026ec   0x000026ec   0x00000008   Data   RO          103    .constdata          c_w.l(_printf_wctomb.o)
    0x000026f4   0x000026f4   0x00000028   Data   RO          132    .constdata          c_w.l(_printf_hex_int_ll_ptr.o)
    0x0000271c   0x0000271c   0x00000011   Data   RO          152    .constdata          c_w.l(__printf_flags_ss_wp.o)
    0x0000272d   0x0000272d   0x00000026   Data   RO          209    .constdata          c_w.l(_printf_fp_hex.o)
    0x00002753   0x00002753   0x00000001   PAD
    0x00002754   0x00002754   0x00000094   Data   RO          232    .constdata          c_w.l(bigflt0.o)
    0x000027e8   0x000027e8   0x000000a2   Data   RO           44    .rodata.str1.1      2d.o
    0x0000288a   0x0000288a   0x00000002   PAD
    0x0000288c   0x0000288c   0x00000010   Data   RO          419    Region$$Table       anon$$obj.o
    0x0000289c   0x0000289c   0x0000001c   Data   RO          258    locale$$data        c_w.l(lc_numeric_c.o)
    0x000028b8   0x000028b8   0x00000110   Data   RO          281    locale$$data        c_w.l(lc_ctype_c.o)


    Execution Region ER_RW (Exec base: 0x20000000, Load base: 0x000029c8, Size: 0x00000000, Max: 0xffffffff, ABSOLUTE)

    **** No section assigned to this execution region ****


    Execution Region ER_ZI (Exec base: 0x20000000, Load base: 0x000029c8, Size: 0x00000290, Max: 0xffffffff, ABSOLUTE)

    Exec Addr    Load Addr    Size         Type   Attr      Idx    E Section Name        Object

    0x20000000        -       0x00000060   Zero   RW          275    .bss                c_w.l(libspace.o)
    0x20000060        -       0x00000004   Zero   RW           41    .bss.EchoDelay      2d.o
    0x20000064        -       0x00000004   Zero   RW           40    .bss.diff           2d.o
    0x20000068        -       0x00000004   Zero   RW           42    .bss.distance       2d.o
    0x2000006c        -       0x00000004   Zero   RW           39    .bss.last_temperature  2d.o
    0x20000070        -       0x0000001a   Zero   RW           43    .bss.snum           2d.o
    0x2000008a   0x000029c8   0x00000002   PAD
    0x2000008c        -       0x00000004   Zero   RW           38    .bss.temperature    2d.o
    0x20000090        -       0x00000000   Zero   RW           53    HEAP                startup_tm4c123.o
    0x20000090        -       0x00000200   Zero   RW           52    STACK               startup_tm4c123.o


==============================================================================

Image component sizes


      Code (inc. data)   RO Data    RW Data    ZI Data      Debug   Object Name

      1944          0        162          0         46       3512   2d.o
       276         24        620          0        512       5476   startup_tm4c123.o
       268          0          0          0          0       6738   system_tm4c123.o

    ----------------------------------------------------------------------
      2504         24        800          0        560      15726   Object Totals
         0          0         16          0          0          0   (incl. Generated)
        16          0          2          0          2          0   (incl. Padding)

    ----------------------------------------------------------------------

      Code (inc. data)   RO Data    RW Data    ZI Data      Debug   Library Member Name

         8          0          0          0          0         68   __main.o
       392          4         17          0          0         92   __printf_flags_ss_wp.o
        14          0          0          0          0         68   __printf_wp.o
         0          0          0          0          0          0   __rtentry.o
        12          0          0          0          0          0   __rtentry2.o
         6          0          0          0          0          0   __rtentry4.o
        52          8          0          0          0          0   __scatter.o
        28          0          0          0          0          0   __scatter_zi.o
        72          0          0          0          0         96   _c16rtomb.o
         6          0          0          0          0          0   _printf_a.o
         6          0          0          0          0          0   _printf_c.o
        44          0          0          0          0        108   _printf_char.o
        48          6          0          0          0         96   _printf_char_common.o
        40          0          0          0          0         68   _printf_charcount.o
         6          0          0          0          0          0   _printf_d.o
       120         16          0          0          0         92   _printf_dec.o
         6          0          0          0          0          0   _printf_e.o
         6          0          0          0          0          0   _printf_f.o
      1052          0          0          0          0        148   _printf_fp_dec.o
       764          8         38          0          0        100   _printf_fp_hex.o
       128         16          0          0          0         84   _printf_fp_infnan.o
         6          0          0          0          0          0   _printf_g.o
       148          4         40          0          0        160   _printf_hex_int_ll_ptr.o
         6          0          0          0          0          0   _printf_i.o
       178          0          0          0          0         88   _printf_intcommon.o
        10          0          0          0          0          0   _printf_l.o
         6          0          0          0          0          0   _printf_lc.o
        10          0          0          0          0          0   _printf_ll.o
         6          0          0          0          0          0   _printf_lld.o
         6          0          0          0          0          0   _printf_lli.o
         6          0          0          0          0          0   _printf_llo.o
         6          0          0          0          0          0   _printf_llu.o
         6          0          0          0          0          0   _printf_llx.o
       124         16          0          0          0         92   _printf_longlong_dec.o
         6          0          0          0          0          0   _printf_ls.o
         6          0          0          0          0          0   _printf_n.o
         6          0          0          0          0          0   _printf_o.o
       112          8          0          0          0        124   _printf_oct_int_ll.o
         6          0          0          0          0          0   _printf_p.o
        78          0          0          0          0        108   _printf_pad.o
         0          0          0          0          0          0   _printf_percent.o
         4          0          0          0          0          0   _printf_percent_end.o
         6          0          0          0          0          0   _printf_s.o
        82          0          0          0          0         80   _printf_str.o
        36          0          0          0          0         84   _printf_truncate.o
         6          0          0          0          0          0   _printf_u.o
        44          0          0          0          0        108   _printf_wchar.o
       188          6          8          0          0         92   _printf_wctomb.o
         6          0          0          0          0          0   _printf_x.o
        10          0          0          0          0         68   _sputc.o
       228          4        148          0          0         96   bigflt0.o
      1936        128          0          0          0        668   btod.o
        18          0          0          0          0         80   exit.o
         6          0          0          0          0        152   heapauxi.o
         0          0          0          0          0          0   indicate_semi.o
        44         10        272          0          0         76   lc_ctype_c.o
        44         10         28          0          0         76   lc_numeric_c.o
         2          0          0          0          0          0   libinit.o
        34          0          0          0          0          0   libinit2.o
         2          0          0          0          0          0   libshutdown.o
         2          0          0          0          0          0   libshutdown2.o
         8          4          0          0         96         68   libspace.o
       138          0          0          0          0         80   lludiv10.o
        16          4          0          0          0         76   rt_ctype_table.o
         8          4          0          0          0         68   rt_locale_intlibspace.o
         2          0          0          0          0          0   rtexit.o
        10          0          0          0          0          0   rtexit2.o
        44          6          0          0          0         84   sprintf.o
       124          0          0          0          0         88   strcmpv7em.o
        62          0          0          0          0         76   strlen.o
        12          4          0          0          0         68   sys_exit.o
        74          0          0          0          0         80   sys_stackheap_outer.o
         2          0          0          0          0         68   use_no_semi.o
        26          0          0          0          0        116   fpinit.o
         4          0          0          0          0        116   printf1.o
         4          0          0          0          0        116   printf2.o
         0          0          0          0          0          0   usenofp.o
        48          0          0          0          0        124   fpclassify.o

    ----------------------------------------------------------------------
      6840        270        552          0         96       4400   Library Totals
        18          4          1          0          0          0   (incl. Padding)

    ----------------------------------------------------------------------

      Code (inc. data)   RO Data    RW Data    ZI Data      Debug   Library Name

      6740        266        551          0         96       3928   c_w.l
        34          0          0          0          0        348   fz_wm.l
        48          0          0          0          0        124   m_wm.l

    ----------------------------------------------------------------------
      6840        270        552          0         96       4400   Library Totals

    ----------------------------------------------------------------------

==============================================================================


      Code (inc. data)   RO Data    RW Data    ZI Data      Debug   

      9344        294       1352          0        656      17758   Grand Totals
      9344        294       1352          0        656      17758   ELF Image Totals
      9344        294       1352          0          0          0   ROM Totals

==============================================================================

    Total RO  Size (Code + RO Data)                10696 (  10.45kB)
    Total RW  Size (RW Data + ZI Data)               656 (   0.64kB)
    Total ROM Size (Code + RO Data + RW Data)      10696 (  10.45kB)

==============================================================================

