<html>
<body>
<pre>
<h1>µVision Build Log</h1>
<h2>Tool Versions:</h2>
IDE-Version: µVision V5.38.0.0
Copyright (C) 2022 ARM Ltd and ARM Germany GmbH. All rights reserved.
License Information: Jisu park, University of washington, LIC=----
 
Tool Versions:
Toolchain:       MDK-Lite  Version: 5.38.0.0
Toolchain Path:  C:\Keil_v5\ARM\ARMCLANG\Bin
C Compiler:      ArmClang.exe V6.19
Assembler:       Armasm.exe V6.19
Linker/Locator:  ArmLink.exe V6.19
Library Manager: ArmAr.exe V6.19
Hex Converter:   FromElf.exe V6.19
CPU DLL:         SARMCM3.DLL V5.38.0.0
Dialog DLL:      DCM.DLL V1.17.5.0
Target DLL:      lmidk-agdi.dll V???
Dialog DLL:      TCM.DLL V1.56.4.0
 
<h2>Project:</h2>
D:\UWT\TCES\23win\460EmbededSystemDesign\proj2d\2d.uvprojx
Project File Date:  02/25/2023

<h2>Output:</h2>
*** Using Compiler 'V6.19', folder: 'C:\Keil_v5\ARM\ARMCLANG\Bin'
Rebuild target 'Target 1'
assembling startup_TM4C123.s...
RTE/Device/TM4C123GH6PZ/system_TM4C123.c(13): warning: In file included from...
C:/Users/pjspi/AppData/Local/Arm/Packs/Keil/TM4C_DFP/1.1.0/Device/Include/TM4C123\TM4C123.h(100): warning: In file included from...
C:/Users/pjspi/AppData/Local/Arm/Packs/Keil/TM4C_DFP/1.1.0/Device/Include/TM4C123/TM4C123GH6PZ.h(305): warning: anonymous unions are a C11 extension [-Wc11-extensions]
  union {
  ^
C:/Users/pjspi/AppData/Local/Arm/Packs/Keil/TM4C_DFP/1.1.0/Device/Include/TM4C123/TM4C123GH6PZ.h(345): warning: anonymous unions are a C11 extension [-Wc11-extensions]
  union {
  ^
C:/Users/pjspi/AppData/Local/Arm/Packs/Keil/TM4C_DFP/1.1.0/Device/Include/TM4C123/TM4C123GH6PZ.h(364): warning: anonymous unions are a C11 extension [-Wc11-extensions]
  union {
  ^
C:/Users/pjspi/AppData/Local/Arm/Packs/Keil/TM4C_DFP/1.1.0/Device/Include/TM4C123/TM4C123GH6PZ.h(729): warning: anonymous unions are a C11 extension [-Wc11-extensions]
  union {
  ^
C:/Users/pjspi/AppData/Local/Arm/Packs/Keil/TM4C_DFP/1.1.0/Device/Include/TM4C123/TM4C123GH6PZ.h(745): warning: anonymous unions are a C11 extension [-Wc11-extensions]
  union {
  ^
C:/Users/pjspi/AppData/Local/Arm/Packs/Keil/TM4C_DFP/1.1.0/Device/Include/TM4C123/TM4C123GH6PZ.h(790): warning: anonymous unions are a C11 extension [-Wc11-extensions]
  union {
  ^
C:/Users/pjspi/AppData/Local/Arm/Packs/Keil/TM4C_DFP/1.1.0/Device/Include/TM4C123/TM4C123GH6PZ.h(795): warning: anonymous unions are a C11 extension [-Wc11-extensions]
  union {
  ^
C:/Users/pjspi/AppData/Local/Arm/Packs/Keil/TM4C_DFP/1.1.0/Device/Include/TM4C123/TM4C123GH6PZ.h(888): warning: anonymous unions are a C11 extension [-Wc11-extensions]
  union {
  ^
C:/Users/pjspi/AppData/Local/Arm/Packs/Keil/TM4C_DFP/1.1.0/Device/Include/TM4C123/TM4C123GH6PZ.h(901): warning: anonymous unions are a C11 extension [-Wc11-extensions]
  union {
  ^
C:/Users/pjspi/AppData/Local/Arm/Packs/Keil/TM4C_DFP/1.1.0/Device/Include/TM4C123/TM4C123GH6PZ.h(908): warning: anonymous unions are a C11 extension [-Wc11-extensions]
  union {
  ^
C:/Users/pjspi/AppData/Local/Arm/Packs/Keil/TM4C_DFP/1.1.0/Device/Include/TM4C123/TM4C123GH6PZ.h(913): warning: anonymous unions are a C11 extension [-Wc11-extensions]
  union {
  ^
C:/Users/pjspi/AppData/Local/Arm/Packs/Keil/TM4C_DFP/1.1.0/Device/Include/TM4C123/TM4C123GH6PZ.h(920): warning: anonymous unions are a C11 extension [-Wc11-extensions]
  union {
  ^
C:/Users/pjspi/AppData/Local/Arm/Packs/Keil/TM4C_DFP/1.1.0/Device/Include/TM4C123/TM4C123GH6PZ.h(926): warning: anonymous unions are a C11 extension [-Wc11-extensions]
  union {
  ^
C:/Users/pjspi/AppData/Local/Arm/Packs/Keil/TM4C_DFP/1.1.0/Device/Include/TM4C123/TM4C123GH6PZ.h(933): warning: anonymous unions are a C11 extension [-Wc11-extensions]
  union {
  ^
C:/Users/pjspi/AppData/Local/Arm/Packs/Keil/TM4C_DFP/1.1.0/Device/Include/TM4C123/TM4C123GH6PZ.h(940): warning: anonymous unions are a C11 extension [-Wc11-extensions]
  union {
  ^
C:/Users/pjspi/AppData/Local/Arm/Packs/Keil/TM4C_DFP/1.1.0/Device/Include/TM4C123/TM4C123GH6PZ.h(945): warning: anonymous unions are a C11 extension [-Wc11-extensions]
  union {
  ^
C:/Users/pjspi/AppData/Local/Arm/Packs/Keil/TM4C_DFP/1.1.0/Device/Include/TM4C123/TM4C123GH6PZ.h(952): warning: anonymous unions are a C11 extension [-Wc11-extensions]
  union {
  ^
C:/Users/pjspi/AppData/Local/Arm/Packs/Keil/TM4C_DFP/1.1.0/Device/Include/TM4C123/TM4C123GH6PZ.h(958): warning: anonymous unions are a C11 extension [-Wc11-extensions]
  union {
  ^
C:/Users/pjspi/AppData/Local/Arm/Packs/Keil/TM4C_DFP/1.1.0/Device/Include/TM4C123/TM4C123GH6PZ.h(965): warning: anonymous unions are a C11 extension [-Wc11-extensions]
  union {
  ^
C:/Users/pjspi/AppData/Local/Arm/Packs/Keil/TM4C_DFP/1.1.0/Device/Include/TM4C123/TM4C123GH6PZ.h(972): warning: anonymous unions are a C11 extension [-Wc11-extensions]
  union {
  ^
C:/Users/pjspi/AppData/Local/Arm/Packs/Keil/TM4C_DFP/1.1.0/Device/Include/TM4C123/TM4C123GH6PZ.h(977): warning: anonymous unions are a C11 extension [-Wc11-extensions]
  union {
  ^
C:/Users/pjspi/AppData/Local/Arm/Packs/Keil/TM4C_DFP/1.1.0/Device/Include/TM4C123/TM4C123GH6PZ.h(984): warning: anonymous unions are a C11 extension [-Wc11-extensions]
  union {
  ^
C:/Users/pjspi/AppData/Local/Arm/Packs/Keil/TM4C_DFP/1.1.0/Device/Include/TM4C123/TM4C123GH6PZ.h(990): warning: anonymous unions are a C11 extension [-Wc11-extensions]
  union {
  ^
C:/Users/pjspi/AppData/Local/Arm/Packs/Keil/TM4C_DFP/1.1.0/Device/Include/TM4C123/TM4C123GH6PZ.h(997): warning: anonymous unions are a C11 extension [-Wc11-extensions]
  union {
  ^
C:/Users/pjspi/AppData/Local/Arm/Packs/Keil/TM4C_DFP/1.1.0/Device/Include/TM4C123/TM4C123GH6PZ.h(1004): warning: anonymous unions are a C11 extension [-Wc11-extensions]
  union {
  ^
C:/Users/pjspi/AppData/Local/Arm/Packs/Keil/TM4C_DFP/1.1.0/Device/Include/TM4C123/TM4C123GH6PZ.h(1009): warning: anonymous unions are a C11 extension [-Wc11-extensions]
  union {
  ^
C:/Users/pjspi/AppData/Local/Arm/Packs/Keil/TM4C_DFP/1.1.0/Device/Include/TM4C123/TM4C123GH6PZ.h(1016): warning: anonymous unions are a C11 extension [-Wc11-extensions]
  union {
  ^
C:/Users/pjspi/AppData/Local/Arm/Packs/Keil/TM4C_DFP/1.1.0/Device/Include/TM4C123/TM4C123GH6PZ.h(1022): warning: anonymous unions are a C11 extension [-Wc11-extensions]
  union {
  ^
C:/Users/pjspi/AppData/Local/Arm/Packs/Keil/TM4C_DFP/1.1.0/Device/Include/TM4C123/TM4C123GH6PZ.h(1029): warning: anonymous unions are a C11 extension [-Wc11-extensions]
  union {
  ^
C:/Users/pjspi/AppData/Local/Arm/Packs/Keil/TM4C_DFP/1.1.0/Device/Include/TM4C123/TM4C123GH6PZ.h(1036): warning: anonymous unions are a C11 extension [-Wc11-extensions]
  union {
  ^
C:/Users/pjspi/AppData/Local/Arm/Packs/Keil/TM4C_DFP/1.1.0/Device/Include/TM4C123/TM4C123GH6PZ.h(1041): warning: anonymous unions are a C11 extension [-Wc11-extensions]
  union {
  ^
C:/Users/pjspi/AppData/Local/Arm/Packs/Keil/TM4C_DFP/1.1.0/Device/Include/TM4C123/TM4C123GH6PZ.h(1048): warning: anonymous unions are a C11 extension [-Wc11-extensions]
  union {
  ^
C:/Users/pjspi/AppData/Local/Arm/Packs/Keil/TM4C_DFP/1.1.0/Device/Include/TM4C123/TM4C123GH6PZ.h(1054): warning: anonymous unions are a C11 extension [-Wc11-extensions]
  union {
  ^
C:/Users/pjspi/AppData/Local/Arm/Packs/Keil/TM4C_DFP/1.1.0/Device/Include/TM4C123/TM4C123GH6PZ.h(1061): warning: anonymous unions are a C11 extension [-Wc11-extensions]
  union {
  ^
C:/Users/pjspi/AppData/Local/Arm/Packs/Keil/TM4C_DFP/1.1.0/Device/Include/TM4C123/TM4C123GH6PZ.h(1068): warning: anonymous unions are a C11 extension [-Wc11-extensions]
  union {
  ^
C:/Users/pjspi/AppData/Local/Arm/Packs/Keil/TM4C_DFP/1.1.0/Device/Include/TM4C123/TM4C123GH6PZ.h(1073): warning: anonymous unions are a C11 extension [-Wc11-extensions]
  union {
  ^
C:/Users/pjspi/AppData/Local/Arm/Packs/Keil/TM4C_DFP/1.1.0/Device/Include/TM4C123/TM4C123GH6PZ.h(1080): warning: anonymous unions are a C11 extension [-Wc11-extensions]
  union {
  ^
C:/Users/pjspi/AppData/Local/Arm/Packs/Keil/TM4C_DFP/1.1.0/Device/Include/TM4C123/TM4C123GH6PZ.h(1086): warning: anonymous unions are a C11 extension [-Wc11-extensions]
  union {
  ^
C:/Users/pjspi/AppData/Local/Arm/Packs/Keil/TM4C_DFP/1.1.0/Device/Include/TM4C123/TM4C123GH6PZ.h(1093): warning: anonymous unions are a C11 extension [-Wc11-extensions]
  union {
  ^
C:/Users/pjspi/AppData/Local/Arm/Packs/Keil/TM4C_DFP/1.1.0/Device/Include/TM4C123/TM4C123GH6PZ.h(1100): warning: anonymous unions are a C11 extension [-Wc11-extensions]
  union {
  ^
C:/Users/pjspi/AppData/Local/Arm/Packs/Keil/TM4C_DFP/1.1.0/Device/Include/TM4C123/TM4C123GH6PZ.h(1105): warning: anonymous unions are a C11 extension [-Wc11-extensions]
  union {
  ^
C:/Users/pjspi/AppData/Local/Arm/Packs/Keil/TM4C_DFP/1.1.0/Device/Include/TM4C123/TM4C123GH6PZ.h(1112): warning: anonymous unions are a C11 extension [-Wc11-extensions]
  union {
  ^
C:/Users/pjspi/AppData/Local/Arm/Packs/Keil/TM4C_DFP/1.1.0/Device/Include/TM4C123/TM4C123GH6PZ.h(1118): warning: anonymous unions are a C11 extension [-Wc11-extensions]
  union {
  ^
C:/Users/pjspi/AppData/Local/Arm/Packs/Keil/TM4C_DFP/1.1.0/Device/Include/TM4C123/TM4C123GH6PZ.h(1267): warning: anonymous unions are a C11 extension [-Wc11-extensions]
  union {
  ^
RTE/Device/TM4C123GH6PZ/system_TM4C123.c(19): warning: // comments are not allowed in this language [-Wcomment]
//-------- <<< Use Configuration Wizard in Context Menu >>> ------------------
^
45 warnings generated.
compiling system_TM4C123.c...
2d.c(8): warning: // comments are not allowed in this language [-Wcomment]
//Verify registers.
^
2d.c(145): warning: no previous extern declaration for non-static variable 'temperature' [-Wmissing-variable-declarations]
int temperature=0;
    ^
2d.c(145): note: declare 'static' if the variable is not intended to be used outside of this translation unit
int temperature=0;
^
2d.c(146): warning: no previous extern declaration for non-static variable 'last_temperature' [-Wmissing-variable-declarations]
int last_temperature=0;
    ^
2d.c(146): note: declare 'static' if the variable is not intended to be used outside of this translation unit
int last_temperature=0;
^
2d.c(147): warning: no previous extern declaration for non-static variable 'diff' [-Wmissing-variable-declarations]
int diff=0;
    ^
2d.c(147): note: declare 'static' if the variable is not intended to be used outside of this translation unit
int diff=0;
^
2d.c(148): warning: no previous extern declaration for non-static variable 'EchoDelay' [-Wmissing-variable-declarations]
int EchoDelay=0;
    ^
2d.c(148): note: declare 'static' if the variable is not intended to be used outside of this translation unit
int EchoDelay=0;
^
2d.c(149): warning: no previous extern declaration for non-static variable 'distance' [-Wmissing-variable-declarations]
int distance=0; 
    ^
2d.c(149): note: declare 'static' if the variable is not intended to be used outside of this translation unit
int distance=0; 
^
2d.c(154): warning: a function declaration without a prototype is deprecated in all versions of C [-Wstrict-prototypes]
int main(){
        ^
         void
2d.c(209): warning: implicit conversion loses integer precision: 'volatile unsigned long' to 'char' [-Wimplicit-int-conversion]
                data = UART5_DR_R ;     /* before giving it another byte */
                     ~ ^~~~~~~~~~
2d.c(108): note: expanded from macro 'UART5_DR_R'
#define UART5_DR_R              (*((volatile unsigned long *)0x40011000))
                                 ^~~~~~~~~~~~~~~~~~~~~~~~~~~~~~~~~~~~~~~
2d.c(215): warning: while loop has empty body [-Wempty-body]
                while ((UART5_FR_R & 0x20)!=0);
                                              ^
2d.c(215): note: put the semicolon on a separate line to silence this warning
2d.c(222): warning: comparison of integers of different signs: 'int' and 'unsigned int' [-Wsign-compare]
                for (i=0; i < strlen(str); i++){
                          ~ ^ ~~~~~~~~~~~
2d.c(292): warning: implicit conversion changes signedness: 'int' to 'unsigned long' [-Wsign-conversion]
  GPIO_PORTD_DEN_R &= ~0x1;         /* disable digital function */
                   ~~ ^~~~
2d.c(296): warning: implicit conversion changes signedness: 'int' to 'unsigned long' [-Wsign-conversion]
  ADC0_ACTSS_R &= ~0x8;             /* disable SS3 during configuration */
               ~~ ^~~~
2d.c(330): warning: variable 'd' set but not used [-Wunused-but-set-variable]
void PortF_Init(void){ volatile unsigned long d;
                                              ^
2d.c(349): warning: while loop has empty body [-Wempty-body]
                while((ADC0_RIS_R & 0x08)==0);
                                             ^
2d.c(349): note: put the semicolon on a separate line to silence this warning
2d.c(371): warning: while loop has empty body [-Wempty-body]
                while(TIMER1_RIS_R&0x01);
                                        ^
2d.c(371): note: put the semicolon on a separate line to silence this warning
2d.c(343): warning: no previous prototype for function 'ADC0SS3_Handler' [-Wmissing-prototypes]
void ADC0SS3_Handler(void){
     ^
2d.c(343): note: declare 'static' if the function is not intended to be used outside of this translation unit
void ADC0SS3_Handler(void){
^
static 
2d.c(383): warning: mixing declarations and code is a C99 extension [-Wdeclaration-after-statement]
    int i;
        ^
2d.c(393): warning: implicit conversion changes signedness: 'int' to 'unsigned long' [-Wsign-conversion]
        GPIO_PORTB_DATA_R &= ~ 0x10; //reset PA4 for the trigger
                          ~~ ^~~~~~
2d.c(397): warning: implicit conversion changes signedness: 'int' to 'unsigned long' [-Wsign-conversion]
        GPIO_PORTB_DATA_R &= ~0x10; //make PA4 low after 10 microsecond
                          ~~ ^~~~~
2d.c(403): warning: implicit conversion changes signedness: 'volatile unsigned long' to 'int' [-Wsign-conversion]
                        startEdge = TIMER2_TAR_R;                                       //save the time stamp
                                  ~ ^~~~~~~~~~~~
2d.c(81): note: expanded from macro 'TIMER2_TAR_R'
#define TIMER2_TAR_R                                            (*((volatile unsigned long *)0x40032048))
                                                                 ^~~~~~~~~~~~~~~~~~~~~~~~~~~~~~~~~~~~~~~
2d.c(410): warning: implicit conversion changes signedness: 'volatile unsigned long' to 'int' [-Wsign-conversion]
                                endEdge = TIMER2_TAR_R;
                                        ~ ^~~~~~~~~~~~
2d.c(81): note: expanded from macro 'TIMER2_TAR_R'
#define TIMER2_TAR_R                                            (*((volatile unsigned long *)0x40032048))
                                                                 ^~~~~~~~~~~~~~~~~~~~~~~~~~~~~~~~~~~~~~~
2d.c(390): warning: no previous prototype for function 'TIMER2A_Handler' [-Wmissing-prototypes]
void TIMER2A_Handler(void){
     ^
2d.c(390): note: declare 'static' if the function is not intended to be used outside of this translation unit
void TIMER2A_Handler(void){
^
static 
2d.c(402): warning: variable 'endEdge' is used uninitialized whenever 'if' condition is false [-Wsometimes-uninitialized]
                if((GPIO_PORTB_DATA_R & 0x1)==0x1){     //if PB0 rising edge occurs save it to startEdge
                   ^~~~~~~~~~~~~~~~~~~~~~~~~~~~~~
2d.c(413): note: uninitialized use occurs here
                EchoDelay = endEdge - startEdge;
                            ^~~~~~~
2d.c(402): note: remove the 'if' if its condition is always true
                if((GPIO_PORTB_DATA_R & 0x1)==0x1){     //if PB0 rising edge occurs save it to startEdge
                ^~~~~~~~~~~~~~~~~~~~~~~~~~~~~~~~~~
2d.c(391): note: initialize the variable 'endEdge' to silence this warning
        int startEdge, endEdge;
                              ^
                               = 0
2d.c(402): warning: variable 'startEdge' is used uninitialized whenever 'if' condition is false [-Wsometimes-uninitialized]
                if((GPIO_PORTB_DATA_R & 0x1)==0x1){     //if PB0 rising edge occurs save it to startEdge
                   ^~~~~~~~~~~~~~~~~~~~~~~~~~~~~~
2d.c(413): note: uninitialized use occurs here
                EchoDelay = endEdge - startEdge;
                                      ^~~~~~~~~
2d.c(402): note: remove the 'if' if its condition is always true
                if((GPIO_PORTB_DATA_R & 0x1)==0x1){     //if PB0 rising edge occurs save it to startEdge
                ^~~~~~~~~~~~~~~~~~~~~~~~~~~~~~~~~~
2d.c(391): note: initialize the variable 'startEdge' to silence this warning
        int startEdge, endEdge;
                     ^
                      = 0
2d.c(430): warning: no newline at end of file [-Wnewline-eof]
}
 ^
2d.c(150): warning: no previous extern declaration for non-static variable 'snum' [-Wmissing-variable-declarations]
char snum[26];
     ^
2d.c(150): note: declare 'static' if the variable is not intended to be used outside of this translation unit
char snum[26];
^
26 warnings generated.
compiling 2d.c...
linking...
Program Size: Code=9344 RO-data=1352 RW-data=0 ZI-data=656  
".\Objects\2d.axf" - 0 Error(s), 71 Warning(s).

<h2>Software Packages used:</h2>

Package Vendor: ARM
                http://www.keil.com/pack/ARM.CMSIS.5.9.0.pack
                ARM.CMSIS.5.9.0
                CMSIS (Common Microcontroller Software Interface Standard)
   * Component: CORE Version: 5.6.0

Package Vendor: Keil
                http://www.keil.com/pack/Keil.TM4C_DFP.1.1.0.pack
                Keil.TM4C_DFP.1.1.0
                Texas Instruments Tiva C Series Device Support and Examples
   * Component: Startup Version: 1.0.1

<h2>Collection of Component include folders:</h2>
  ./RTE/_Target_1
  C:/Users/pjspi/AppData/Local/Arm/Packs/ARM/CMSIS/5.9.0/CMSIS/Core/Include
  C:/Users/pjspi/AppData/Local/Arm/Packs/Keil/TM4C_DFP/1.1.0/Device/Include/TM4C123

<h2>Collection of Component Files used:</h2>

   * Component: ARM::CMSIS:CORE:5.6.0

   * Component: Keil::Device:Startup:1.0.1
      Include file:  Device/Include/TM4C123/TM4C123.h
      Source file:   Device/Source/system_TM4C123.c
      Source file:   Device/Source/ARM/startup_TM4C123.s
Build Time Elapsed:  00:00:01
</pre>
</body>
</html>
